Component: ARM Compiler 5.06 update 6 (build 750) Tool: armlink [4d35ed]

==============================================================================

Section Cross References

    startup_stm32wl55xx_cm4.o(RESET) refers to startup_stm32wl55xx_cm4.o(STACK) for __initial_sp
    startup_stm32wl55xx_cm4.o(RESET) refers to startup_stm32wl55xx_cm4.o(.text) for Reset_Handler
    startup_stm32wl55xx_cm4.o(RESET) refers to stm32wlxx_it.o(i.NMI_Handler) for NMI_Handler
    startup_stm32wl55xx_cm4.o(RESET) refers to stm32wlxx_it.o(i.HardFault_Handler) for HardFault_Handler
    startup_stm32wl55xx_cm4.o(RESET) refers to stm32wlxx_it.o(i.MemManage_Handler) for MemManage_Handler
    startup_stm32wl55xx_cm4.o(RESET) refers to stm32wlxx_it.o(i.BusFault_Handler) for BusFault_Handler
    startup_stm32wl55xx_cm4.o(RESET) refers to stm32wlxx_it.o(i.UsageFault_Handler) for UsageFault_Handler
    startup_stm32wl55xx_cm4.o(RESET) refers to stm32wlxx_it.o(i.SVC_Handler) for SVC_Handler
    startup_stm32wl55xx_cm4.o(RESET) refers to stm32wlxx_it.o(i.DebugMon_Handler) for DebugMon_Handler
    startup_stm32wl55xx_cm4.o(RESET) refers to stm32wlxx_it.o(i.PendSV_Handler) for PendSV_Handler
    startup_stm32wl55xx_cm4.o(RESET) refers to stm32wlxx_it.o(i.SysTick_Handler) for SysTick_Handler
    startup_stm32wl55xx_cm4.o(RESET) refers to stm32wlxx_it.o(i.TAMP_STAMP_LSECSS_SSRU_IRQHandler) for TAMP_STAMP_LSECSS_SSRU_IRQHandler
    startup_stm32wl55xx_cm4.o(RESET) refers to stm32wlxx_it.o(i.DMA1_Channel5_IRQHandler) for DMA1_Channel5_IRQHandler
    startup_stm32wl55xx_cm4.o(RESET) refers to stm32wlxx_it.o(i.USART2_IRQHandler) for USART2_IRQHandler
    startup_stm32wl55xx_cm4.o(RESET) refers to stm32wlxx_it.o(i.RTC_Alarm_IRQHandler) for RTC_Alarm_IRQHandler
    startup_stm32wl55xx_cm4.o(RESET) refers to stm32wlxx_it.o(i.SUBGHZ_Radio_IRQHandler) for SUBGHZ_Radio_IRQHandler
    startup_stm32wl55xx_cm4.o(.text) refers to system_stm32wlxx.o(i.SystemInit) for SystemInit
    startup_stm32wl55xx_cm4.o(.text) refers to entry.o(.ARM.Collect$$$$00000000) for __main
    main.o(i.SystemClock_Config) refers to memseta.o(.text) for __aeabi_memclr4
    main.o(i.SystemClock_Config) refers to stm32wlxx_hal_pwr.o(i.HAL_PWR_EnableBkUpAccess) for HAL_PWR_EnableBkUpAccess
    main.o(i.SystemClock_Config) refers to stm32wlxx_hal_rcc.o(i.HAL_RCC_OscConfig) for HAL_RCC_OscConfig
    main.o(i.SystemClock_Config) refers to main.o(i.Error_Handler) for Error_Handler
    main.o(i.SystemClock_Config) refers to stm32wlxx_hal_rcc.o(i.HAL_RCC_ClockConfig) for HAL_RCC_ClockConfig
    main.o(i.main) refers to stm32wlxx_hal.o(i.HAL_Init) for HAL_Init
    main.o(i.main) refers to main.o(i.SystemClock_Config) for SystemClock_Config
    main.o(i.main) refers to gpio.o(i.MX_GPIO_Init) for MX_GPIO_Init
    main.o(i.main) refers to app_subghz_phy.o(i.MX_SubGHz_Phy_Init) for MX_SubGHz_Phy_Init
    main.o(i.main) refers to app_subghz_phy.o(i.MX_SubGHz_Phy_Process) for MX_SubGHz_Phy_Process
    gpio.o(i.MX_GPIO_Init) refers to memseta.o(.text) for __aeabi_memclr4
    gpio.o(i.MX_GPIO_Init) refers to gpio.o(i.LL_AHB2_GRP1_EnableClock) for LL_AHB2_GRP1_EnableClock
    gpio.o(i.MX_GPIO_Init) refers to stm32wlxx_hal_gpio.o(i.HAL_GPIO_WritePin) for HAL_GPIO_WritePin
    gpio.o(i.MX_GPIO_Init) refers to stm32wlxx_hal_gpio.o(i.HAL_GPIO_Init) for HAL_GPIO_Init
    dma.o(i.MX_DMA_Init) refers to dma.o(i.LL_AHB1_GRP1_EnableClock) for LL_AHB1_GRP1_EnableClock
    dma.o(i.MX_DMA_Init) refers to stm32wlxx_hal_cortex.o(i.HAL_NVIC_SetPriority) for HAL_NVIC_SetPriority
    dma.o(i.MX_DMA_Init) refers to stm32wlxx_hal_cortex.o(i.HAL_NVIC_EnableIRQ) for HAL_NVIC_EnableIRQ
    rtc.o(i.HAL_RTC_MspDeInit) refers to stm32wlxx_hal_cortex.o(i.HAL_NVIC_DisableIRQ) for HAL_NVIC_DisableIRQ
    rtc.o(i.HAL_RTC_MspInit) refers to memseta.o(.text) for __aeabi_memclr4
    rtc.o(i.HAL_RTC_MspInit) refers to stm32wlxx_hal_rcc_ex.o(i.HAL_RCCEx_PeriphCLKConfig) for HAL_RCCEx_PeriphCLKConfig
    rtc.o(i.HAL_RTC_MspInit) refers to main.o(i.Error_Handler) for Error_Handler
    rtc.o(i.HAL_RTC_MspInit) refers to stm32wlxx_hal_cortex.o(i.HAL_NVIC_SetPriority) for HAL_NVIC_SetPriority
    rtc.o(i.HAL_RTC_MspInit) refers to stm32wlxx_hal_cortex.o(i.HAL_NVIC_EnableIRQ) for HAL_NVIC_EnableIRQ
    rtc.o(i.MX_RTC_Init) refers to memseta.o(.text) for __aeabi_memclr4
    rtc.o(i.MX_RTC_Init) refers to stm32wlxx_hal_rtc.o(i.HAL_RTC_Init) for HAL_RTC_Init
    rtc.o(i.MX_RTC_Init) refers to main.o(i.Error_Handler) for Error_Handler
    rtc.o(i.MX_RTC_Init) refers to stm32wlxx_hal_rtc_ex.o(i.HAL_RTCEx_SetSSRU_IT) for HAL_RTCEx_SetSSRU_IT
    rtc.o(i.MX_RTC_Init) refers to stm32wlxx_hal_rtc.o(i.HAL_RTC_SetAlarm_IT) for HAL_RTC_SetAlarm_IT
    rtc.o(i.MX_RTC_Init) refers to rtc.o(.bss) for hrtc
    subghz.o(i.HAL_SUBGHZ_MspDeInit) refers to stm32wlxx_hal_cortex.o(i.HAL_NVIC_DisableIRQ) for HAL_NVIC_DisableIRQ
    subghz.o(i.HAL_SUBGHZ_MspInit) refers to stm32wlxx_hal_cortex.o(i.HAL_NVIC_SetPriority) for HAL_NVIC_SetPriority
[...]
    __main                                   0x08000139   Thumb Code     0  entry.o(.ARM.Collect$$$$00000000)
    _main_stk                                0x08000139   Thumb Code     0  entry2.o(.ARM.Collect$$$$00000001)
    _main_scatterload                        0x0800013d   Thumb Code     0  entry5.o(.ARM.Collect$$$$00000004)
    __main_after_scatterload                 0x08000141   Thumb Code     0  entry5.o(.ARM.Collect$$$$00000004)
    _main_clock                              0x08000141   Thumb Code     0  entry7b.o(.ARM.Collect$$$$00000008)
    _main_cpp_init                           0x08000141   Thumb Code     0  entry8b.o(.ARM.Collect$$$$0000000A)
    _main_init                               0x08000141   Thumb Code     0  entry9a.o(.ARM.Collect$$$$0000000B)
    __rt_final_cpp                           0x08000149   Thumb Code     0  entry10a.o(.ARM.Collect$$$$0000000D)
    __rt_final_exit                          0x08000149   Thumb Code     0  entry11a.o(.ARM.Collect$$$$0000000F)
    Reset_Handler                            0x0800014d   Thumb Code     8  startup_stm32wl55xx_cm4.o(.text)
    ADC_IRQHandler                           0x08000167   Thumb Code     0  startup_stm32wl55xx_cm4.o(.text)
    AES_IRQHandler                           0x08000167   Thumb Code     0  startup_stm32wl55xx_cm4.o(.text)
    C2SEV_PWR_C2H_IRQHandler                 0x08000167   Thumb Code     0  startup_stm32wl55xx_cm4.o(.text)
    COMP_IRQHandler                          0x08000167   Thumb Code     0  startup_stm32wl55xx_cm4.o(.text)
    DAC_IRQHandler                           0x08000167   Thumb Code     0  startup_stm32wl55xx_cm4.o(.text)
    DMA1_Channel1_IRQHandler                 0x08000167   Thumb Code     0  startup_stm32wl55xx_cm4.o(.text)
    DMA1_Channel2_IRQHandler                 0x08000167   Thumb Code     0  startup_stm32wl55xx_cm4.o(.text)
    DMA1_Channel3_IRQHandler                 0x08000167   Thumb Code     0  startup_stm32wl55xx_cm4.o(.text)
    DMA1_Channel4_IRQHandler                 0x08000167   Thumb Code     0  startup_stm32wl55xx_cm4.o(.text)
    DMA1_Channel6_IRQHandler                 0x08000167   Thumb Code     0  startup_stm32wl55xx_cm4.o(.text)
    DMA1_Channel7_IRQHandler                 0x08000167   Thumb Code     0  startup_stm32wl55xx_cm4.o(.text)
    DMA2_Channel1_IRQHandler                 0x08000167   Thumb Code     0  startup_stm32wl55xx_cm4.o(.text)
    DMA2_Channel2_IRQHandler                 0x08000167   Thumb Code     0  startup_stm32wl55xx_cm4.o(.text)
    DMA2_Channel3_IRQHandler                 0x08000167   Thumb Code     0  startup_stm32wl55xx_cm4.o(.text)
    DMA2_Channel4_IRQHandler                 0x08000167   Thumb Code     0  startup_stm32wl55xx_cm4.o(.text)
    DMA2_Channel5_IRQHandler                 0x08000167   Thumb Code     0  startup_stm32wl55xx_cm4.o(.text)
    DMA2_Channel6_IRQHandler                 0x08000167   Thumb Code     0  startup_stm32wl55xx_cm4.o(.text)
    DMA2_Channel7_IRQHandler                 0x08000167   Thumb Code     0  startup_stm32wl55xx_cm4.o(.text)
    DMAMUX1_OVR_IRQHandler                   0x08000167   Thumb Code     0  startup_stm32wl55xx_cm4.o(.text)
    EXTI0_IRQHandler                         0x08000167   Thumb Code     0  startup_stm32wl55xx_cm4.o(.text)
    EXTI15_10_IRQHandler                     0x08000167   Thumb Code     0  startup_stm32wl55xx_cm4.o(.text)
    EXTI1_IRQHandler                         0x08000167   Thumb Code     0  startup_stm32wl55xx_cm4.o(.text)
    EXTI2_IRQHandler                         0x08000167   Thumb Code     0  startup_stm32wl55xx_cm4.o(.text)
    EXTI3_IRQHandler                         0x08000167   Thumb Code     0  startup_stm32wl55xx_cm4.o(.text)
    EXTI4_IRQHandler                         0x08000167   Thumb Code     0  startup_stm32wl55xx_cm4.o(.text)
    EXTI9_5_IRQHandler                       0x08000167   Thumb Code     0  startup_stm32wl55xx_cm4.o(.text)
    FLASH_IRQHandler                         0x08000167   Thumb Code     0  startup_stm32wl55xx_cm4.o(.text)
    HSEM_IRQHandler                          0x08000167   Thumb Code     0  startup_stm32wl55xx_cm4.o(.text)
    I2C1_ER_IRQHandler                       0x08000167   Thumb Code     0  startup_stm32wl55xx_cm4.o(.text)
    I2C1_EV_IRQHandler                       0x08000167   Thumb Code     0  startup_stm32wl55xx_cm4.o(.text)
    I2C2_ER_IRQHandler                       0x08000167   Thumb Code     0  startup_stm32wl55xx_cm4.o(.text)
    I2C2_EV_IRQHandler                       0x08000167   Thumb Code     0  startup_stm32wl55xx_cm4.o(.text)
    I2C3_ER_IRQHandler                       0x08000167   Thumb Code     0  startup_stm32wl55xx_cm4.o(.text)
    I2C3_EV_IRQHandler                       0x08000167   Thumb Code     0  startup_stm32wl55xx_cm4.o(.text)
    IPCC_C1_RX_IRQHandler                    0x08000167   Thumb Code     0  startup_stm32wl55xx_cm4.o(.text)
    IPCC_C1_TX_IRQHandler                    0x08000167   Thumb Code     0  startup_stm32wl55xx_cm4.o(.text)
    LPTIM1_IRQHandler                        0x08000167   Thumb Code     0  startup_stm32wl55xx_cm4.o(.text)
    LPTIM2_IRQHandler                        0x08000167   Thumb Code     0  startup_stm32wl55xx_cm4.o(.text)
    LPTIM3_IRQHandler                        0x08000167   Thumb Code     0  startup_stm32wl55xx_cm4.o(.text)
    LPUART1_IRQHandler                       0x08000167   Thumb Code     0  startup_stm32wl55xx_cm4.o(.text)
    PKA_IRQHandler                           0x08000167   Thumb Code     0  startup_stm32wl55xx_cm4.o(.text)
    PVD_PVM_IRQHandler                       0x08000167   Thumb Code     0  startup_stm32wl55xx_cm4.o(.text)
    RCC_IRQHandler                           0x08000167   Thumb Code     0  startup_stm32wl55xx_cm4.o(.text)
    RNG_IRQHandler                           0x08000167   Thumb Code     0  startup_stm32wl55xx_cm4.o(.text)
    RTC_WKUP_IRQHandler                      0x08000167   Thumb Code     0  startup_stm32wl55xx_cm4.o(.text)
    SPI1_IRQHandler                          0x08000167   Thumb Code     0  startup_stm32wl55xx_cm4.o(.text)
    SPI2_IRQHandler                          0x08000167   Thumb Code     0  startup_stm32wl55xx_cm4.o(.text)
    SUBGHZSPI_IRQHandler                     0x08000167   Thumb Code     0  startup_stm32wl55xx_cm4.o(.text)
    TIM16_IRQHandler                         0x08000167   Thumb Code     0  startup_stm32wl55xx_cm4.o(.text)
    TIM17_IRQHandler                         0x08000167   Thumb Code     0  startup_stm32wl55xx_cm4.o(.text)
    TIM1_BRK_IRQHandler                      0x08000167   Thumb Code     0  startup_stm32wl55xx_cm4.o(.text)
    TIM1_CC_IRQHandler                       0x08000167   Thumb Code     0  startup_stm32wl55xx_cm4.o(.text)
    TIM1_TRG_COM_IRQHandler                  0x08000167   Thumb Code     0  startup_stm32wl55xx_cm4.o(.text)
    TIM1_UP_IRQHandler                       0x08000167   Thumb Code     0  startup_stm32wl55xx_cm4.o(.text)
    TIM2_IRQHandler                          0x08000167   Thumb Code     0  startup_stm32wl55xx_cm4.o(.text)
    USART1_IRQHandler                        0x08000167   Thumb Code     0  startup_stm32wl55xx_cm4.o(.text)
    WWDG_IRQHandler                          0x08000167   Thumb Code     0  startup_stm32wl55xx_cm4.o(.text)
    __aeabi_uldivmod                         0x08000171   Thumb Code    98  uldiv.o(.text)
    __aeabi_memcpy                           0x080001d3   Thumb Code    36  memcpya.o(.text)
    __aeabi_memcpy4                          0x080001d3   Thumb Code     0  memcpya.o(.text)
    __aeabi_memcpy8                          0x080001d3   Thumb Code     0  memcpya.o(.text)
    __aeabi_memset                           0x080001f7   Thumb Code    14  memseta.o(.text)
    __aeabi_memset4                          0x080001f7   Thumb Code     0  memseta.o(.text)
    __aeabi_memset8                          0x080001f7   Thumb Code     0  memseta.o(.text)
    __aeabi_memclr                           0x08000205   Thumb Code     4  memseta.o(.text)
    __aeabi_memclr4                          0x08000205   Thumb Code     0  memseta.o(.text)
    __aeabi_memclr8                          0x08000205   Thumb Code     0  memseta.o(.text)
    _memset$wrapper                          0x08000209   Thumb Code    18  memseta.o(.text)
    strlen                                   0x0800021b   Thumb Code    14  strlen.o(.text)
    strncmp                                  0x08000229   Thumb Code    30  strncmp.o(.text)
    __aeabi_llsl                             0x08000247   Thumb Code    30  llshl.o(.text)
    _ll_shift_l                              0x08000247   Thumb Code     0  llshl.o(.text)
    __aeabi_llsr                             0x08000265   Thumb Code    32  llushr.o(.text)
    _ll_ushift_r                             0x08000265   Thumb Code     0  llushr.o(.text)
    __scatterload                            0x08000285   Thumb Code    28  init.o(.text)
    __scatterload_rt2                        0x08000285   Thumb Code     0  init.o(.text)
    BusFault_Handler                         0x080002a9   Thumb Code     4  stm32wlxx_it.o(i.BusFault_Handler)
    DBG_Init                                 0x080002ad   Thumb Code   104  sys_debug.o(i.DBG_Init)
    DMA1_Channel5_IRQHandler                 0x08000319   Thumb Code    10  stm32wlxx_it.o(i.DMA1_Channel5_IRQHandler)
    DebugMon_Handler                         0x080003e5   Thumb Code     2  stm32wlxx_it.o(i.DebugMon_Handler)
    Error_Handler                            0x080003e7   Thumb Code     6  main.o(i.Error_Handler)
    HAL_DBGMCU_DisableDBGSleepMode           0x08000415   Thumb Code    18  stm32wlxx_hal.o(i.HAL_DBGMCU_DisableDBGSleepMode)
    HAL_DBGMCU_DisableDBGStandbyMode         0x0800042d   Thumb Code    18  stm32wlxx_hal.o(i.HAL_DBGMCU_DisableDBGStandbyMode)
    HAL_DBGMCU_DisableDBGStopMode            0x08000445   Thumb Code    18  stm32wlxx_hal.o(i.HAL_DBGMCU_DisableDBGStopMode)
    HAL_DMA_Abort                            0x0800045d   Thumb Code   134  stm32wlxx_hal_dma.o(i.HAL_DMA_Abort)
    HAL_DMA_Abort_IT                         0x080004e3   Thumb Code   132  stm32wlxx_hal_dma.o(i.HAL_DMA_Abort_IT)
    HAL_DMA_ConfigChannelAttributes          0x08000567   Thumb Code    48  stm32wlxx_hal_dma.o(i.HAL_DMA_ConfigChannelAttributes)
    HAL_DMA_DeInit                           0x08000599   Thumb Code   178  stm32wlxx_hal_dma.o(i.HAL_DMA_DeInit)
    HAL_DMA_IRQHandler                       0x08000655   Thumb Code   284  stm32wlxx_hal_dma.o(i.HAL_DMA_IRQHandler)
    HAL_DMA_Init                             0x08000779   Thumb Code   216  stm32wlxx_hal_dma.o(i.HAL_DMA_Init)
    HAL_DMA_Start_IT                         0x08000859   Thumb Code   198  stm32wlxx_hal_dma.o(i.HAL_DMA_Start_IT)
    HAL_Delay                                0x0800091f   Thumb Code    10  sys_app.o(i.HAL_Delay)
    HAL_GPIO_DeInit                          0x08000929   Thumb Code   242  stm32wlxx_hal_gpio.o(i.HAL_GPIO_DeInit)
    HAL_GPIO_Init                            0x08000a2d   Thumb Code   382  stm32wlxx_hal_gpio.o(i.HAL_GPIO_Init)
    HAL_GPIO_TogglePin                       0x08000bbd   Thumb Code    20  stm32wlxx_hal_gpio.o(i.HAL_GPIO_TogglePin)
    HAL_GPIO_WritePin                        0x08000bd1   Thumb Code    10  stm32wlxx_hal_gpio.o(i.HAL_GPIO_WritePin)
    HAL_GetTick                              0x08000bdd   Thumb Code    20  sys_app.o(i.HAL_GetTick)
    HAL_Init                                 0x08000bf5   Thumb Code    38  stm32wlxx_hal.o(i.HAL_Init)
    HAL_InitTick                             0x08000c21   Thumb Code     6  sys_app.o(i.HAL_InitTick)
    HAL_MspInit                              0x08000c27   Thumb Code     2  stm32wlxx_hal_msp.o(i.HAL_MspInit)
    HAL_NVIC_DisableIRQ                      0x08000c29   Thumb Code    62  stm32wlxx_hal_cortex.o(i.HAL_NVIC_DisableIRQ)
    HAL_NVIC_EnableIRQ                       0x08000c6d   Thumb Code    40  stm32wlxx_hal_cortex.o(i.HAL_NVIC_EnableIRQ)
    HAL_NVIC_SetPriority                     0x08000c95   Thumb Code   122  stm32wlxx_hal_cortex.o(i.HAL_NVIC_SetPriority)
    HAL_NVIC_SetPriorityGrouping             0x08000d11   Thumb Code    32  stm32wlxx_hal_cortex.o(i.HAL_NVIC_SetPriorityGrouping)
    HAL_PWREx_DisableLowPowerRunMode         0x08000d39   Thumb Code    74  stm32wlxx_hal_pwr_ex.o(i.HAL_PWREx_DisableLowPowerRunMode)
    HAL_PWREx_EnableLowPowerRunMode          0x08000d91   Thumb Code    14  stm32wlxx_hal_pwr_ex.o(i.HAL_PWREx_EnableLowPowerRunMode)
    HAL_PWREx_EnterSTOP2Mode                 0x08000da5   Thumb Code    54  stm32wlxx_hal_pwr_ex.o(i.HAL_PWREx_EnterSTOP2Mode)
    HAL_PWREx_GetVoltageRange                0x08000de5   Thumb Code    10  stm32wlxx_hal_pwr_ex.o(i.HAL_PWREx_GetVoltageRange)
    HAL_PWR_EnableBkUpAccess                 0x08000df5   Thumb Code    14  stm32wlxx_hal_pwr.o(i.HAL_PWR_EnableBkUpAccess)
    HAL_PWR_EnterSLEEPMode                   0x08000e09   Thumb Code    74  stm32wlxx_hal_pwr.o(i.HAL_PWR_EnterSLEEPMode)
    HAL_RCCEx_PeriphCLKConfig                0x08000e5d   Thumb Code   554  stm32wlxx_hal_rcc_ex.o(i.HAL_RCCEx_PeriphCLKConfig)
    HAL_RCC_ClockConfig                      0x08001091   Thumb Code   626  stm32wlxx_hal_rcc.o(i.HAL_RCC_ClockConfig)
    HAL_RCC_GetHCLKFreq                      0x08001315   Thumb Code    30  stm32wlxx_hal_rcc.o(i.HAL_RCC_GetHCLKFreq)
    HAL_RCC_GetPCLK1Freq                     0x08001339   Thumb Code    28  stm32wlxx_hal_rcc.o(i.HAL_RCC_GetPCLK1Freq)
    HAL_RCC_GetPCLK2Freq                     0x08001359   Thumb Code    28  stm32wlxx_hal_rcc.o(i.HAL_RCC_GetPCLK2Freq)
    HAL_RCC_GetSysClockFreq                  0x08001379   Thumb Code   270  stm32wlxx_hal_rcc.o(i.HAL_RCC_GetSysClockFreq)
    HAL_RCC_OscConfig                        0x08001499   Thumb Code  1590  stm32wlxx_hal_rcc.o(i.HAL_RCC_OscConfig)
    HAL_RTCEx_AlarmBEventCallback            0x08001add   Thumb Code     2  stm32wlxx_hal_rtc_ex.o(i.HAL_RTCEx_AlarmBEventCallback)
    HAL_RTCEx_BKUPRead                       0x08001ae1   Thumb Code    12  stm32wlxx_hal_rtc_ex.o(i.HAL_RTCEx_BKUPRead)
    HAL_RTCEx_BKUPWrite                      0x08001af1   Thumb Code    14  stm32wlxx_hal_rtc_ex.o(i.HAL_RTCEx_BKUPWrite)
    HAL_RTCEx_EnableBypassShadow             0x08001b05   Thumb Code    90  stm32wlxx_hal_rtc_ex.o(i.HAL_RTCEx_EnableBypassShadow)
    HAL_RTCEx_SSRUEventCallback              0x08001b65   Thumb Code    18  timer_if.o(i.HAL_RTCEx_SSRUEventCallback)
    HAL_RTCEx_SSRUIRQHandler                 0x08001b79   Thumb Code    36  stm32wlxx_hal_rtc_ex.o(i.HAL_RTCEx_SSRUIRQHandler)
    HAL_RTCEx_SetSSRU_IT                     0x08001ba1   Thumb Code   102  stm32wlxx_hal_rtc_ex.o(i.HAL_RTCEx_SetSSRU_IT)
    HAL_RTC_AlarmAEventCallback              0x08001c11   Thumb Code    10  timer_if.o(i.HAL_RTC_AlarmAEventCallback)
    HAL_RTC_AlarmIRQHandler                  0x08001c1d   Thumb Code    62  stm32wlxx_hal_rtc.o(i.HAL_RTC_AlarmIRQHandler)
    HAL_RTC_DeactivateAlarm                  0x08001c61   Thumb Code   162  stm32wlxx_hal_rtc.o(i.HAL_RTC_DeactivateAlarm)
    HAL_RTC_Init                             0x08001d09   Thumb Code   196  stm32wlxx_hal_rtc.o(i.HAL_RTC_Init)
    HAL_RTC_MspInit                          0x08001dd5   Thumb Code   124  rtc.o(i.HAL_RTC_MspInit)
    HAL_RTC_SetAlarm_IT                      0x08001e59   Thumb Code   460  stm32wlxx_hal_rtc.o(i.HAL_RTC_SetAlarm_IT)
    HAL_RTC_WaitForSynchro                   0x0800202d   Thumb Code    56  stm32wlxx_hal_rtc.o(i.HAL_RTC_WaitForSynchro)
    HAL_ResumeTick                           0x08002069   Thumb Code    18  stm32wlxx_hal.o(i.HAL_ResumeTick)
    HAL_SUBGHZ_CADStatusCallback             0x0800207d   Thumb Code    42  radio_driver.o(i.HAL_SUBGHZ_CADStatusCallback)
    HAL_SUBGHZ_CRCErrorCallback              0x080020ad   Thumb Code    14  radio_driver.o(i.HAL_SUBGHZ_CRCErrorCallback)
    HAL_SUBGHZ_ExecGetCmd                    0x080020c1   Thumb Code   136  stm32wlxx_hal_subghz.o(i.HAL_SUBGHZ_ExecGetCmd)
    HAL_SUBGHZ_ExecSetCmd                    0x08002149   Thumb Code   140  stm32wlxx_hal_subghz.o(i.HAL_SUBGHZ_ExecSetCmd)
    HAL_SUBGHZ_HeaderErrorCallback           0x080021d5   Thumb Code    14  radio_driver.o(i.HAL_SUBGHZ_HeaderErrorCallback)
    HAL_SUBGHZ_HeaderValidCallback           0x080021e9   Thumb Code    14  radio_driver.o(i.HAL_SUBGHZ_HeaderValidCallback)
    HAL_SUBGHZ_IRQHandler                    0x080021fd   Thumb Code   172  stm32wlxx_hal_subghz.o(i.HAL_SUBGHZ_IRQHandler)
    HAL_SUBGHZ_Init                          0x080022a9   Thumb Code   154  stm32wlxx_hal_subghz.o(i.HAL_SUBGHZ_Init)
    HAL_SUBGHZ_MspInit                       0x08002355   Thumb Code    50  subghz.o(i.HAL_SUBGHZ_MspInit)
    HAL_SUBGHZ_PreambleDetectedCallback      0x08002389   Thumb Code    14  radio_driver.o(i.HAL_SUBGHZ_PreambleDetectedCallback)
    HAL_SUBGHZ_ReadBuffer                    0x0800239d   Thumb Code   144  stm32wlxx_hal_subghz.o(i.HAL_SUBGHZ_ReadBuffer)
    HAL_SUBGHZ_ReadRegisters                 0x0800242d   Thumb Code   152  stm32wlxx_hal_subghz.o(i.HAL_SUBGHZ_ReadRegisters)
    HAL_SUBGHZ_RxCpltCallback                0x080024c5   Thumb Code    14  radio_driver.o(i.HAL_SUBGHZ_RxCpltCallback)
    HAL_SUBGHZ_RxTxTimeoutCallback           0x080024d9   Thumb Code    16  radio_driver.o(i.HAL_SUBGHZ_RxTxTimeoutCallback)
    HAL_SUBGHZ_SyncWordValidCallback         0x080024ed   Thumb Code    14  radio_driver.o(i.HAL_SUBGHZ_SyncWordValidCallback)
    HAL_SUBGHZ_TxCpltCallback                0x08002501   Thumb Code    14  radio_driver.o(i.HAL_SUBGHZ_TxCpltCallback)
    HAL_SUBGHZ_WriteBuffer                   0x08002515   Thumb Code   124  stm32wlxx_hal_subghz.o(i.HAL_SUBGHZ_WriteBuffer)
    HAL_SUBGHZ_WriteRegisters                0x08002591   Thumb Code   138  stm32wlxx_hal_subghz.o(i.HAL_SUBGHZ_WriteRegisters)
    HAL_SuspendTick                          0x0800261b   Thumb Code    18  stm32wlxx_hal.o(i.HAL_SuspendTick)
    HAL_UARTEx_EnableFifoMode                0x0800262d   Thumb Code    88  stm32wlxx_hal_uart_ex.o(i.HAL_UARTEx_EnableFifoMode)
    HAL_UARTEx_EnableStopMode                0x08002685   Thumb Code    50  stm32wlxx_hal_uart_ex.o(i.HAL_UARTEx_EnableStopMode)
    HAL_UARTEx_RxEventCallback               0x080026b7   Thumb Code     2  stm32wlxx_hal_uart.o(i.HAL_UARTEx_RxEventCallback)
    HAL_UARTEx_RxFifoFullCallback            0x080026b9   Thumb Code     2  stm32wlxx_hal_uart_ex.o(i.HAL_UARTEx_RxFifoFullCallback)
    HAL_UARTEx_SetRxFifoThreshold            0x080026bb   Thumb Code    94  stm32wlxx_hal_uart_ex.o(i.HAL_UARTEx_SetRxFifoThreshold)
    HAL_UARTEx_SetTxFifoThreshold            0x08002719   Thumb Code    94  stm32wlxx_hal_uart_ex.o(i.HAL_UARTEx_SetTxFifoThreshold)
    HAL_UARTEx_StopModeWakeUpSourceConfig    0x08002777   Thumb Code   144  stm32wlxx_hal_uart_ex.o(i.HAL_UARTEx_StopModeWakeUpSourceConfig)
    HAL_UARTEx_TxFifoEmptyCallback           0x08002807   Thumb Code     2  stm32wlxx_hal_uart_ex.o(i.HAL_UARTEx_TxFifoEmptyCallback)
    HAL_UARTEx_WakeupCallback                0x08002809   Thumb Code     2  stm32wlxx_hal_uart_ex.o(i.HAL_UARTEx_WakeupCallback)
    HAL_UART_ErrorCallback                   0x0800280b   Thumb Code     2  stm32wlxx_hal_uart.o(i.HAL_UART_ErrorCallback)
    HAL_UART_IRQHandler                      0x0800280d   Thumb Code   762  stm32wlxx_hal_uart.o(i.HAL_UART_IRQHandler)
    HAL_UART_Init                            0x08002b15   Thumb Code   120  stm32wlxx_hal_uart.o(i.HAL_UART_Init)
    HAL_UART_MspDeInit                       0x08002b8d   Thumb Code    56  usart.o(i.HAL_UART_MspDeInit)
    HAL_UART_MspInit                         0x08002bc9   Thumb Code   220  usart.o(i.HAL_UART_MspInit)
    HAL_UART_Receive_IT                      0x08002cb5   Thumb Code    66  stm32wlxx_hal_uart.o(i.HAL_UART_Receive_IT)
    HAL_UART_RxCpltCallback                  0x08002cf9   Thumb Code    48  usart_if.o(i.HAL_UART_RxCpltCallback)
    HAL_UART_Transmit_DMA                    0x08002d35   Thumb Code   172  stm32wlxx_hal_uart.o(i.HAL_UART_Transmit_DMA)
    HAL_UART_TxCpltCallback                  0x08002ded   Thumb Code    22  usart_if.o(i.HAL_UART_TxCpltCallback)
    HAL_UART_TxHalfCpltCallback              0x08002e0d   Thumb Code     2  stm32wlxx_hal_uart.o(i.HAL_UART_TxHalfCpltCallback)
    HardFault_Handler                        0x08002e0f   Thumb Code     4  stm32wlxx_it.o(i.HardFault_Handler)
    MX_DMA_Init                              0x08003099   Thumb Code    32  dma.o(i.MX_DMA_Init)
    MX_GPIO_Init                             0x080030b9   Thumb Code   140  gpio.o(i.MX_GPIO_Init)
    MX_RTC_Init                              0x08003151   Thumb Code   108  rtc.o(i.MX_RTC_Init)
    MX_SUBGHZ_Init                           0x080031c5   Thumb Code    22  subghz.o(i.MX_SUBGHZ_Init)
    MX_SubGHz_Phy_Init                       0x080031e1   Thumb Code    12  app_subghz_phy.o(i.MX_SubGHz_Phy_Init)
    MX_SubGHz_Phy_Process                    0x080031ed   Thumb Code    12  app_subghz_phy.o(i.MX_SubGHz_Phy_Process)
    MX_USART2_UART_Init                      0x080031f9   Thumb Code    98  usart.o(i.MX_USART2_UART_Init)
    MemManage_Handler                        0x08003265   Thumb Code     4  stm32wlxx_it.o(i.MemManage_Handler)
    NMI_Handler                              0x08003269   Thumb Code     4  stm32wlxx_it.o(i.NMI_Handler)
    PWR_EnterOffMode                         0x08003499   Thumb Code     2  stm32_lpm_if.o(i.PWR_EnterOffMode)
    PWR_EnterSleepMode                       0x0800349b   Thumb Code    16  stm32_lpm_if.o(i.PWR_EnterSleepMode)
    PWR_EnterStopMode                        0x080034ad   Thumb Code    22  stm32_lpm_if.o(i.PWR_EnterStopMode)
    PWR_ExitOffMode                          0x080034c9   Thumb Code     2  stm32_lpm_if.o(i.PWR_ExitOffMode)
    PWR_ExitSleepMode                        0x080034cb   Thumb Code     8  stm32_lpm_if.o(i.PWR_ExitSleepMode)
    PWR_ExitStopMode                         0x080034d3   Thumb Code    12  stm32_lpm_if.o(i.PWR_ExitStopMode)
    PendSV_Handler                           0x080034df   Thumb Code     2  stm32wlxx_it.o(i.PendSV_Handler)
    RBI_ConfigRFSwitch                       0x080037cd   Thumb Code   156  radio_board_if.o(i.RBI_ConfigRFSwitch)
    RBI_GetTxConfig                          0x0800386d   Thumb Code     4  radio_board_if.o(i.RBI_GetTxConfig)
    RBI_GetWakeUpTime                        0x08003871   Thumb Code     4  radio_board_if.o(i.RBI_GetWakeUpTime)
    RBI_Init                                 0x08003875   Thumb Code   102  radio_board_if.o(i.RBI_Init)
    RBI_IsDCDC                               0x080038e1   Thumb Code     4  radio_board_if.o(i.RBI_IsDCDC)
    RBI_IsTCXO                               0x080038e5   Thumb Code     4  radio_board_if.o(i.RBI_IsTCXO)
    RTC_Alarm_IRQHandler                     0x080039d9   Thumb Code    10  stm32wlxx_it.o(i.RTC_Alarm_IRQHandler)
    RTC_ByteToBcd2                           0x080039e9   Thumb Code    28  stm32wlxx_hal_rtc.o(i.RTC_ByteToBcd2)
    RTC_EnterInitMode                        0x08003a05   Thumb Code    74  stm32wlxx_hal_rtc.o(i.RTC_EnterInitMode)
    RTC_ExitInitMode                         0x08003a55   Thumb Code   100  stm32wlxx_hal_rtc.o(i.RTC_ExitInitMode)
    SEQ_BitPosition                          0x08004ec5   Thumb Code    62  stm32_seq.o(i.SEQ_BitPosition)
    SUBGHZSPI_Init                           0x08004f09   Thumb Code    36  stm32wlxx_hal_subghz.o(i.SUBGHZSPI_Init)
    SUBGHZSPI_Receive                        0x08004f31   Thumb Code   128  stm32wlxx_hal_subghz.o(i.SUBGHZSPI_Receive)
    SUBGHZSPI_Transmit                       0x08004fb9   Thumb Code   124  stm32wlxx_hal_subghz.o(i.SUBGHZSPI_Transmit)
    SUBGHZ_CheckDeviceReady                  0x0800503d   Thumb Code    32  stm32wlxx_hal_subghz.o(i.SUBGHZ_CheckDeviceReady)
    SUBGHZ_Radio_IRQHandler                  0x0800505d   Thumb Code    10  stm32wlxx_it.o(i.SUBGHZ_Radio_IRQHandler)
    SUBGHZ_WaitOnBusy                        0x0800506d   Thumb Code    78  stm32wlxx_hal_subghz.o(i.SUBGHZ_WaitOnBusy)
    SUBGRF_Calibrate                         0x080050c5   Thumb Code   100  radio_driver.o(i.SUBGRF_Calibrate)
    SUBGRF_CalibrateImage                    0x0800512d   Thumb Code   116  radio_driver.o(i.SUBGRF_CalibrateImage)
    SUBGRF_GetOperatingMode                  0x080051b9   Thumb Code     6  radio_driver.o(i.SUBGRF_GetOperatingMode)
    SUBGRF_GetPacketStatus                   0x080051c5   Thumb Code   138  radio_driver.o(i.SUBGRF_GetPacketStatus)
    SUBGRF_GetPacketType                     0x08005259   Thumb Code     6  radio_driver.o(i.SUBGRF_GetPacketType)
    SUBGRF_GetPayload                        0x08005265   Thumb Code    46  radio_driver.o(i.SUBGRF_GetPayload)
    SUBGRF_GetRadioWakeUpTime                0x08005293   Thumb Code     8  radio_driver.o(i.SUBGRF_GetRadioWakeUpTime)
    SUBGRF_GetRandom                         0x0800529b   Thumb Code   104  radio_driver.o(i.SUBGRF_GetRandom)
    SUBGRF_GetRssiInst                       0x08005305   Thumb Code    30  radio_driver.o(i.SUBGRF_GetRssiInst)
    SUBGRF_GetRxBufferStatus                 0x08005329   Thumb Code    60  radio_driver.o(i.SUBGRF_GetRxBufferStatus)
    SUBGRF_Init                              0x0800536d   Thumb Code   106  radio_driver.o(i.SUBGRF_Init)
    SUBGRF_ReadBuffer                        0x080053e5   Thumb Code    22  radio_driver.o(i.SUBGRF_ReadBuffer)
    SUBGRF_ReadRegister                      0x08005401   Thumb Code    22  radio_driver.o(i.SUBGRF_ReadRegister)
    SUBGRF_ReadRegisters                     0x0800541d   Thumb Code    22  radio_driver.o(i.SUBGRF_ReadRegisters)
    SUBGRF_SendPayload                       0x08005439   Thumb Code    24  radio_driver.o(i.SUBGRF_SendPayload)
    SUBGRF_SetBufferBaseAddress              0x08005451   Thumb Code    28  radio_driver.o(i.SUBGRF_SetBufferBaseAddress)
    SUBGRF_SetCad                            0x08005471   Thumb Code    22  radio_driver.o(i.SUBGRF_SetCad)
    SUBGRF_SetCrcPolynomial                  0x08005491   Thumb Code    42  radio_driver.o(i.SUBGRF_SetCrcPolynomial)
    SUBGRF_SetCrcSeed                        0x080054bb   Thumb Code    42  radio_driver.o(i.SUBGRF_SetCrcSeed)
    SUBGRF_SetDioIrqParams                   0x080054e5   Thumb Code    76  radio_driver.o(i.SUBGRF_SetDioIrqParams)
    SUBGRF_SetLoRaSymbNumTimeout             0x08005535   Thumb Code    64  radio_driver.o(i.SUBGRF_SetLoRaSymbNumTimeout)
    SUBGRF_SetModulationParams               0x08005579   Thumb Code   320  radio_driver.o(i.SUBGRF_SetModulationParams)
    SUBGRF_SetPaConfig                       0x080056c9   Thumb Code    40  radio_driver.o(i.SUBGRF_SetPaConfig)
    SUBGRF_SetPacketParams                   0x080056f5   Thumb Code   248  radio_driver.o(i.SUBGRF_SetPacketParams)
    SUBGRF_SetPacketType                     0x080057f9   Thumb Code    40  radio_driver.o(i.SUBGRF_SetPacketType)
    SUBGRF_SetPayload                        0x08005829   Thumb Code    18  radio_driver.o(i.SUBGRF_SetPayload)
    SUBGRF_SetRegulatorMode                  0x0800583d   Thumb Code    32  radio_driver.o(i.SUBGRF_SetRegulatorMode)
    SUBGRF_SetRfFrequency                    0x08005861   Thumb Code    90  radio_driver.o(i.SUBGRF_SetRfFrequency)
    SUBGRF_SetRfTxPower                      0x080058c9   Thumb Code    62  radio_driver.o(i.SUBGRF_SetRfTxPower)
    SUBGRF_SetRx                             0x08005909   Thumb Code    42  radio_driver.o(i.SUBGRF_SetRx)
    SUBGRF_SetRxBoosted                      0x0800593d   Thumb Code    52  radio_driver.o(i.SUBGRF_SetRxBoosted)
    SUBGRF_SetRxDutyCycle                    0x08005979   Thumb Code    62  radio_driver.o(i.SUBGRF_SetRxDutyCycle)
    SUBGRF_SetSleep                          0x080059c1   Thumb Code    70  radio_driver.o(i.SUBGRF_SetSleep)
    SUBGRF_SetStandby                        0x08005a11   Thumb Code    36  radio_driver.o(i.SUBGRF_SetStandby)
    SUBGRF_SetStopRxTimerOnPreambleDetect    0x08005a3d   Thumb Code    16  radio_driver.o(i.SUBGRF_SetStopRxTimerOnPreambleDetect)
    SUBGRF_SetSwitch                         0x08005a51   Thumb Code    44  radio_driver.o(i.SUBGRF_SetSwitch)
    SUBGRF_SetSyncWord                       0x08005a7d   Thumb Code    20  radio_driver.o(i.SUBGRF_SetSyncWord)
    SUBGRF_SetTcxoMode                       0x08005a91   Thumb Code    46  radio_driver.o(i.SUBGRF_SetTcxoMode)
    SUBGRF_SetTx                             0x08005ac5   Thumb Code    42  radio_driver.o(i.SUBGRF_SetTx)
    SUBGRF_SetTxContinuousWave               0x08005af9   Thumb Code    16  radio_driver.o(i.SUBGRF_SetTxContinuousWave)
    SUBGRF_SetTxInfinitePreamble             0x08005b0d   Thumb Code    16  radio_driver.o(i.SUBGRF_SetTxInfinitePreamble)
    SUBGRF_SetTxParams                       0x08005b21   Thumb Code   158  radio_driver.o(i.SUBGRF_SetTxParams)
    SUBGRF_SetWhiteningSeed                  0x08005bc5   Thumb Code    58  radio_driver.o(i.SUBGRF_SetWhiteningSeed)
    SUBGRF_WriteBuffer                       0x08005c01   Thumb Code    22  radio_driver.o(i.SUBGRF_WriteBuffer)
    SUBGRF_WriteRegister                     0x08005c1d   Thumb Code    18  radio_driver.o(i.SUBGRF_WriteRegister)
    SUBGRF_WriteRegisters                    0x08005c35   Thumb Code    22  radio_driver.o(i.SUBGRF_WriteRegisters)
    SVC_Handler                              0x08005c51   Thumb Code     2  stm32wlxx_it.o(i.SVC_Handler)
    SubghzApp_Init                           0x08005c55   Thumb Code   300  subghz_phy_app.o(i.SubghzApp_Init)
    SysTick_Handler                          0x08005e0d   Thumb Code     2  stm32wlxx_it.o(i.SysTick_Handler)
    SysTimeAdd                               0x08005e0f   Thumb Code    78  stm32_systime.o(i.SysTimeAdd)
    SysTimeGet                               0x08005e5d   Thumb Code    82  stm32_systime.o(i.SysTimeGet)
    SystemApp_Init                           0x08005eb5   Thumb Code    68  sys_app.o(i.SystemApp_Init)
    SystemClock_Config                       0x08005f01   Thumb Code   148  main.o(i.SystemClock_Config)
    SystemInit                               0x08005f9d   Thumb Code     2  system_stm32wlxx.o(i.SystemInit)
    TAMP_STAMP_LSECSS_SSRU_IRQHandler        0x08005fa1   Thumb Code    10  stm32wlxx_it.o(i.TAMP_STAMP_LSECSS_SSRU_IRQHandler)
    TIMER_IF_BkUp_Read_Seconds               0x08005fc5   Thumb Code    18  timer_if.o(i.TIMER_IF_BkUp_Read_Seconds)
    TIMER_IF_BkUp_Read_SubSeconds            0x08005fdd   Thumb Code    18  timer_if.o(i.TIMER_IF_BkUp_Read_SubSeconds)
    TIMER_IF_BkUp_Write_Seconds              0x08006009   Thumb Code    16  timer_if.o(i.TIMER_IF_BkUp_Write_Seconds)
    TIMER_IF_BkUp_Write_SubSeconds           0x0800601d   Thumb Code    16  timer_if.o(i.TIMER_IF_BkUp_Write_SubSeconds)
    TIMER_IF_Convert_Tick2ms                 0x08006031   Thumb Code    22  timer_if.o(i.TIMER_IF_Convert_Tick2ms)
    TIMER_IF_Convert_ms2Tick                 0x08006047   Thumb Code    38  timer_if.o(i.TIMER_IF_Convert_ms2Tick)
    TIMER_IF_DelayMs                         0x0800606d   Thumb Code    34  timer_if.o(i.TIMER_IF_DelayMs)
    TIMER_IF_GetMinimumTimeout               0x0800608f   Thumb Code     6  timer_if.o(i.TIMER_IF_GetMinimumTimeout)
    TIMER_IF_GetTime                         0x08006095   Thumb Code    56  timer_if.o(i.TIMER_IF_GetTime)
    TIMER_IF_GetTimerContext                 0x080060cd   Thumb Code     6  timer_if.o(i.TIMER_IF_GetTimerContext)
    TIMER_IF_GetTimerElapsedTime             0x080060d9   Thumb Code    18  timer_if.o(i.TIMER_IF_GetTimerElapsedTime)
    TIMER_IF_GetTimerValue                   0x080060f1   Thumb Code    22  timer_if.o(i.TIMER_IF_GetTimerValue)
    TIMER_IF_Init                            0x0800610d   Thumb Code    66  timer_if.o(i.TIMER_IF_Init)
    TIMER_IF_SetTimerContext                 0x08006159   Thumb Code    16  timer_if.o(i.TIMER_IF_SetTimerContext)
    TIMER_IF_StartTimer                      0x0800616d   Thumb Code    72  timer_if.o(i.TIMER_IF_StartTimer)
    TIMER_IF_StopTimer                       0x080061bd   Thumb Code    28  timer_if.o(i.TIMER_IF_StopTimer)
    TimerExists                              0x0800648d   Thumb Code    26  stm32_timer.o(i.TimerExists)
    TimerInsertNewHeadTimer                  0x080064ad   Thumb Code    28  stm32_timer.o(i.TimerInsertNewHeadTimer)
    TimerInsertTimer                         0x080064cd   Thumb Code    46  stm32_timer.o(i.TimerInsertTimer)
    TimerSetTimeout                          0x08006501   Thumb Code    50  stm32_timer.o(i.TimerSetTimeout)
    UART_AdvFeatureConfig                    0x08006603   Thumb Code   248  stm32wlxx_hal_uart.o(i.UART_AdvFeatureConfig)
    UART_CheckIdleState                      0x080066fb   Thumb Code   118  stm32wlxx_hal_uart.o(i.UART_CheckIdleState)
    UART_SetConfig                           0x08006c95   Thumb Code   776  stm32wlxx_hal_uart.o(i.UART_SetConfig)
    UART_Start_Receive_IT                    0x08006fbd   Thumb Code   256  stm32wlxx_hal_uart.o(i.UART_Start_Receive_IT)
    UART_WaitOnFlagUntilTimeout              0x080070cd   Thumb Code   190  stm32wlxx_hal_uart.o(i.UART_WaitOnFlagUntilTimeout)
    USART2_IRQHandler                        0x0800718d   Thumb Code    10  stm32wlxx_it.o(i.USART2_IRQHandler)
    UTIL_ADV_TRACE_COND_FSend                0x0800719d   Thumb Code   206  stm32_adv_trace.o(i.UTIL_ADV_TRACE_COND_FSend)
    UTIL_ADV_TRACE_Init                      0x08007279   Thumb Code    34  stm32_adv_trace.o(i.UTIL_ADV_TRACE_Init)
    UTIL_ADV_TRACE_PostSendHook              0x080072ad   Thumb Code    12  sys_app.o(i.UTIL_ADV_TRACE_PostSendHook)
    UTIL_ADV_TRACE_PreSendHook               0x080072b9   Thumb Code    12  sys_app.o(i.UTIL_ADV_TRACE_PreSendHook)
    UTIL_ADV_TRACE_RegisterTimeStampFunction 0x080072c5   Thumb Code     6  stm32_adv_trace.o(i.UTIL_ADV_TRACE_RegisterTimeStampFunction)
    UTIL_ADV_TRACE_SetVerboseLevel           0x080072d1   Thumb Code     6  stm32_adv_trace.o(i.UTIL_ADV_TRACE_SetVerboseLevel)
    UTIL_LPM_EnterLowPower                   0x080072dd   Thumb Code    70  stm32_lpm.o(i.UTIL_LPM_EnterLowPower)
    UTIL_LPM_Init                            0x08007331   Thumb Code    12  stm32_lpm.o(i.UTIL_LPM_Init)
    UTIL_LPM_SetOffMode                      0x08007345   Thumb Code    56  stm32_lpm.o(i.UTIL_LPM_SetOffMode)
    UTIL_LPM_SetStopMode                     0x08007381   Thumb Code    56  stm32_lpm.o(i.UTIL_LPM_SetStopMode)
    UTIL_MEM_set_8                           0x080073bd   Thumb Code    22  stm32_mem.o(i.UTIL_MEM_set_8)
    UTIL_SEQ_Idle                            0x080073d3   Thumb Code     8  sys_app.o(i.UTIL_SEQ_Idle)
    UTIL_SEQ_PostIdle                        0x080073db   Thumb Code     2  stm32_seq.o(i.UTIL_SEQ_PostIdle)
    UTIL_SEQ_PreIdle                         0x080073dd   Thumb Code     2  stm32_seq.o(i.UTIL_SEQ_PreIdle)
    UTIL_SEQ_RegTask                         0x080073e1   Thumb Code    40  stm32_seq.o(i.UTIL_SEQ_RegTask)
    UTIL_SEQ_Run                             0x0800740d   Thumb Code   360  stm32_seq.o(i.UTIL_SEQ_Run)
    UTIL_SEQ_SetTask                         0x08007595   Thumb Code    46  stm32_seq.o(i.UTIL_SEQ_SetTask)
    UTIL_TIMER_Create                        0x080075cd   Thumb Code    60  stm32_timer.o(i.UTIL_TIMER_Create)
    UTIL_TIMER_GetCurrentTime                0x0800760d   Thumb Code    20  stm32_timer.o(i.UTIL_TIMER_GetCurrentTime)
    UTIL_TIMER_GetElapsedTime                0x08007625   Thumb Code    32  stm32_timer.o(i.UTIL_TIMER_GetElapsedTime)
    UTIL_TIMER_IRQ_Handler                   0x08007649   Thumb Code   178  stm32_timer.o(i.UTIL_TIMER_IRQ_Handler)
    UTIL_TIMER_Init                          0x08007705   Thumb Code    16  stm32_timer.o(i.UTIL_TIMER_Init)
    UTIL_TIMER_SetPeriod                     0x0800771d   Thumb Code    50  stm32_timer.o(i.UTIL_TIMER_SetPeriod)
    UTIL_TIMER_Start                         0x08007755   Thumb Code   150  stm32_timer.o(i.UTIL_TIMER_Start)
    UTIL_TIMER_Stop                          0x080077f5   Thumb Code   160  stm32_timer.o(i.UTIL_TIMER_Stop)
    UsageFault_Handler                       0x0800789d   Thumb Code     4  stm32wlxx_it.o(i.UsageFault_Handler)
    __scatterload_copy                       0x080078eb   Thumb Code    14  handlers.o(i.__scatterload_copy)
    __scatterload_null                       0x080078f9   Thumb Code     2  handlers.o(i.__scatterload_null)
    __scatterload_zeroinit                   0x080078fb   Thumb Code    14  handlers.o(i.__scatterload_zeroinit)
    main                                     0x08007a91   Thumb Code    24  main.o(i.main)
    tiny_vsnprintf_like                      0x08007b7d   Thumb Code   450  stm32_tiny_vsnprintf.o(i.tiny_vsnprintf_like)
    vcom_DeInit                              0x08007d49   Thumb Code    50  usart_if.o(i.vcom_DeInit)
    vcom_Init                                0x08007d81   Thumb Code    36  usart_if.o(i.vcom_Init)
    vcom_ReceiveInit                         0x08007dad   Thumb Code    92  usart_if.o(i.vcom_ReceiveInit)
    vcom_Resume                              0x08007e15   Thumb Code    28  usart_if.o(i.vcom_Resume)
    vcom_Trace_DMA                           0x08007e39   Thumb Code    20  usart_if.o(i.vcom_Trace_DMA)
    UTIL_PowerDriver                         0x08007e58   Data          24  stm32_lpm_if.o(.constdata)
    UTIL_TimerDriver                         0x08007e78   Data          44  timer_if.o(.constdata)
    UTIL_SYSTIMDriver                        0x08007ea4   Data          20  timer_if.o(.constdata)
    UTIL_TraceDriver                         0x08007ec0   Data          16  usart_if.o(.constdata)
    UARTPrescTable                           0x08007efc   Data          24  stm32wlxx_hal_uart.o(.constdata)
    AHBPrescTable                            0x08007f1c   Data          64  system_stm32wlxx.o(.constdata)
    APBPrescTable                            0x08007f5c   Data          32  system_stm32wlxx.o(.constdata)
    MSIRangeTable                            0x08007f7c   Data          64  system_stm32wlxx.o(.constdata)
    Radio                                    0x08007fc4   Data         124  radio.o(.constdata)
    FskBandwidths                            0x08008040   Data         176  radio.o(.constdata)
    Bandwidths                               0x080080f0   Data           3  radio.o(.constdata)
    SEQ_clz_table_4bit                       0x080080f3   Data          16  stm32_seq.o(.constdata)
    Region$$Table$$Base                      0x08008154   Number         0  anon$$obj.o(Region$$Table)
    Region$$Table$$Limit                     0x08008174   Number         0  anon$$obj.o(Region$$Table)
    charRx                                   0x2000000c   Data           1  usart_if.o(.data)
    RxBufferSize                             0x2000001a   Data           2  subghz_phy_app.o(.data)
    RssiValue                                0x2000001c   Data           1  subghz_phy_app.o(.data)
    SnrValue                                 0x2000001d   Data           1  subghz_phy_app.o(.data)
    isMaster                                 0x2000001e   Data           1  subghz_phy_app.o(.data)
    uwTick                                   0x20000024   Data           4  stm32wlxx_hal.o(.data)
    uwTickPrio                               0x20000028   Data           4  stm32wlxx_hal.o(.data)
    uwTickFreq                               0x2000002c   Data           1  stm32wlxx_hal.o(.data)
    SystemCoreClock                          0x20000030   Data           4  system_stm32wlxx.o(.data)
    FrequencyError                           0x20000038   Data           4  radio_driver.o(.data)
    hrtc                                     0x20000078   Data          56  rtc.o(.bss)
    hsubghz                                  0x200000b0   Data          12  subghz.o(.bss)
    huart2                                   0x200000bc   Data         144  usart.o(.bss)
    hdma_usart2_tx                           0x2000014c   Data          96  usart.o(.bss)
    SubgRf                                   0x200004e0   Data          88  radio.o(.bss)
    TxTimeoutTimer                           0x20000538   Data          24  radio.o(.bss)
    RxTimeoutTimer                           0x20000550   Data          24  radio.o(.bss)
    __initial_sp                             0x20000d10   Data           0  startup_stm32wl55xx_cm4.o(STACK)



==============================================================================

Memory Map of the image

  Image Entry point : 0x08000139

  Load Region LR_IROM1 (Base: 0x08000000, Size: 0x000081ec, Max: 0x00040000, ABSOLUTE)

    Execution Region ER_IROM1 (Exec base: 0x08000000, Load base: 0x08000000, Size: 0x00008174, Max: 0x00040000, ABSOLUTE)

    Exec Addr    Load Addr    Size         Type   Attr      Idx    E Section Name        Object

    0x08000000   0x08000000   0x00000138   Data   RO            4    RESET               startup_stm32wl55xx_cm4.o
    0x08000138   0x08000138   0x00000000   Code   RO         6035  * .ARM.Collect$$$$00000000  mc_w.l(entry.o)
    0x08000138   0x08000138   0x00000004   Code   RO         6050    .ARM.Collect$$$$00000001  mc_w.l(entry2.o)
    0x0800013c   0x0800013c   0x00000004   Code   RO         6053    .ARM.Collect$$$$00000004  mc_w.l(entry5.o)
    0x08000140   0x08000140   0x00000000   Code   RO         6055    .ARM.Collect$$$$00000008  mc_w.l(entry7b.o)
    0x08000140   0x08000140   0x00000000   Code   RO         6057    .ARM.Collect$$$$0000000A  mc_w.l(entry8b.o)
    0x08000140   0x08000140   0x00000008   Code   RO         6058    .ARM.Collect$$$$0000000B  mc_w.l(entry9a.o)
    0x08000148   0x08000148   0x00000000   Code   RO         6060    .ARM.Collect$$$$0000000D  mc_w.l(entry10a.o)
    0x08000148   0x08000148   0x00000000   Code   RO         6062    .ARM.Collect$$$$0000000F  mc_w.l(entry11a.o)
    0x08000148   0x08000148   0x00000004   Code   RO         6051    .ARM.Collect$$$$00002712  mc_w.l(entry2.o)
    0x0800014c   0x0800014c   0x00000024   Code   RO            5    .text               startup_stm32wl55xx_cm4.o
    0x08000170   0x08000170   0x00000062   Code   RO         6038    .text               mc_w.l(uldiv.o)
    0x080001d2   0x080001d2   0x00000024   Code   RO         6040    .text               mc_w.l(memcpya.o)
    0x080001f6   0x080001f6   0x00000024   Code   RO         6042    .text               mc_w.l(memseta.o)
    0x0800021a   0x0800021a   0x0000000e   Code   RO         6044    .text               mc_w.l(strlen.o)
    0x08000228   0x08000228   0x0000001e   Code   RO         6046    .text               mc_w.l(strncmp.o)
    0x08000246   0x08000246   0x0000001e   Code   RO         6064    .text               mc_w.l(llshl.o)
    0x08000264   0x08000264   0x00000020   Code   RO         6066    .text               mc_w.l(llushr.o)
    0x08000284   0x08000284   0x00000024   Code   RO         6068    .text               mc_w.l(init.o)
    0x080002a8   0x080002a8   0x00000004   Code   RO          919    i.BusFault_Handler  stm32wlxx_it.o
    0x080002ac   0x080002ac   0x0000006c   Code   RO          581    i.DBG_Init          sys_debug.o
    0x08000318   0x08000318   0x00000010   Code   RO          920    i.DMA1_Channel5_IRQHandler  stm32wlxx_it.o
    0x08000328   0x08000328   0x00000054   Code   RO         2282    i.DMA_CalcDMAMUXChannelBaseAndMask  stm32wlxx_hal_dma.o
    0x0800037c   0x0800037c   0x00000028   Code   RO         2283    i.DMA_CalcDMAMUXRequestGenBaseAndMask  stm32wlxx_hal_dma.o
    0x080003a4   0x080003a4   0x00000040   Code   RO         2284    i.DMA_SetConfig     stm32wlxx_hal_dma.o
    0x080003e4   0x080003e4   0x00000002   Code   RO          921    i.DebugMon_Handler  stm32wlxx_it.o
    0x080003e6   0x080003e6   0x00000006   Code   RO           14    i.Error_Handler     main.o
    0x080003ec   0x080003ec   0x00000028   Code   RO          612    i.GetTimerTicks     timer_if.o
    0x08000414   0x08000414   0x00000018   Code   RO         2984    i.HAL_DBGMCU_DisableDBGSleepMode  stm32wlxx_hal.o
    0x0800042c   0x0800042c   0x00000018   Code   RO         2985    i.HAL_DBGMCU_DisableDBGStandbyMode  stm32wlxx_hal.o
    0x08000444   0x08000444   0x00000018   Code   RO         2986    i.HAL_DBGMCU_DisableDBGStopMode  stm32wlxx_hal.o
    0x0800045c   0x0800045c   0x00000086   Code   RO         2285    i.HAL_DMA_Abort     stm32wlxx_hal_dma.o
    0x080004e2   0x080004e2   0x00000084   Code   RO         2286    i.HAL_DMA_Abort_IT  stm32wlxx_hal_dma.o
    0x08000566   0x08000566   0x00000030   Code   RO         2287    i.HAL_DMA_ConfigChannelAttributes  stm32wlxx_hal_dma.o
    0x08000596   0x08000596   0x00000002   PAD
    0x08000598   0x08000598   0x000000bc   Code   RO         2288    i.HAL_DMA_DeInit    stm32wlxx_hal_dma.o
    0x08000654   0x08000654   0x00000124   Code   RO         2292    i.HAL_DMA_IRQHandler  stm32wlxx_hal_dma.o
    0x08000778   0x08000778   0x000000e0   Code   RO         2293    i.HAL_DMA_Init      stm32wlxx_hal_dma.o
    0x08000858   0x08000858   0x000000c6   Code   RO         2297    i.HAL_DMA_Start_IT  stm32wlxx_hal_dma.o
    0x0800091e   0x0800091e   0x0000000a   Code   RO          462    i.HAL_Delay         sys_app.o
    0x08000928   0x08000928   0x00000104   Code   RO         2214    i.HAL_GPIO_DeInit   stm32wlxx_hal_gpio.o
    0x08000a2c   0x08000a2c   0x00000190   Code   RO         2217    i.HAL_GPIO_Init     stm32wlxx_hal_gpio.o
    0x08000bbc   0x08000bbc   0x00000014   Code   RO         2220    i.HAL_GPIO_TogglePin  stm32wlxx_hal_gpio.o
    0x08000bd0   0x08000bd0   0x0000000a   Code   RO         2221    i.HAL_GPIO_WritePin  stm32wlxx_hal_gpio.o
    0x08000bda   0x08000bda   0x00000002   PAD
    0x08000bdc   0x08000bdc   0x00000018   Code   RO          463    i.HAL_GetTick       sys_app.o
    0x08000bf4   0x08000bf4   0x0000002c   Code   RO         3002    i.HAL_Init          stm32wlxx_hal.o
    0x08000c20   0x08000c20   0x00000006   Code   RO          464    i.HAL_InitTick      sys_app.o
    0x08000c26   0x08000c26   0x00000002   Code   RO         1027    i.HAL_MspInit       stm32wlxx_hal_msp.o
    0x08000c28   0x08000c28   0x00000044   Code   RO         2846    i.HAL_NVIC_DisableIRQ  stm32wlxx_hal_cortex.o
    0x08000c6c   0x08000c6c   0x00000028   Code   RO         2847    i.HAL_NVIC_EnableIRQ  stm32wlxx_hal_cortex.o
    0x08000c94   0x08000c94   0x0000007a   Code   RO         2853    i.HAL_NVIC_SetPriority  stm32wlxx_hal_cortex.o
    0x08000d0e   0x08000d0e   0x00000002   PAD
    0x08000d10   0x08000d10   0x00000028   Code   RO         2854    i.HAL_NVIC_SetPriorityGrouping  stm32wlxx_hal_cortex.o
    0x08000d38   0x08000d38   0x00000058   Code   RO         2579    i.HAL_PWREx_DisableLowPowerRunMode  stm32wlxx_hal_pwr_ex.o
    0x08000d90   0x08000d90   0x00000014   Code   RO         2591    i.HAL_PWREx_EnableLowPowerRunMode  stm32wlxx_hal_pwr_ex.o
    0x08000da4   0x08000da4   0x00000040   Code   RO         2599    i.HAL_PWREx_EnterSTOP2Mode  stm32wlxx_hal_pwr_ex.o
    0x08000de4   0x08000de4   0x00000010   Code   RO         2600    i.HAL_PWREx_GetVoltageRange  stm32wlxx_hal_pwr_ex.o
    0x08000df4   0x08000df4   0x00000014   Code   RO         2458    i.HAL_PWR_EnableBkUpAccess  stm32wlxx_hal_pwr.o
    0x08000e08   0x08000e08   0x00000054   Code   RO         2463    i.HAL_PWR_EnterSLEEPMode  stm32wlxx_hal_pwr.o
    0x08000e5c   0x08000e5c   0x00000234   Code   RO         1669    i.HAL_RCCEx_PeriphCLKConfig  stm32wlxx_hal_rcc_ex.o
    0x08001090   0x08001090   0x00000284   Code   RO         1433    i.HAL_RCC_ClockConfig  stm32wlxx_hal_rcc.o
    0x08001314   0x08001314   0x00000024   Code   RO         1439    i.HAL_RCC_GetHCLKFreq  stm32wlxx_hal_rcc.o
    0x08001338   0x08001338   0x00000020   Code   RO         1441    i.HAL_RCC_GetPCLK1Freq  stm32wlxx_hal_rcc.o
    0x08001358   0x08001358   0x00000020   Code   RO         1442    i.HAL_RCC_GetPCLK2Freq  stm32wlxx_hal_rcc.o
    0x08001378   0x08001378   0x00000120   Code   RO         1443    i.HAL_RCC_GetSysClockFreq  stm32wlxx_hal_rcc.o
    0x08001498   0x08001498   0x00000644   Code   RO         1446    i.HAL_RCC_OscConfig  stm32wlxx_hal_rcc.o
    0x08001adc   0x08001adc   0x00000002   Code   RO         3515    i.HAL_RTCEx_AlarmBEventCallback  stm32wlxx_hal_rtc_ex.o
    0x08001ade   0x08001ade   0x00000002   PAD
    0x08001ae0   0x08001ae0   0x00000010   Code   RO         3516    i.HAL_RTCEx_BKUPRead  stm32wlxx_hal_rtc_ex.o
    0x08001af0   0x08001af0   0x00000014   Code   RO         3517    i.HAL_RTCEx_BKUPWrite  stm32wlxx_hal_rtc_ex.o
    0x08001b04   0x08001b04   0x00000060   Code   RO         3527    i.HAL_RTCEx_EnableBypassShadow  stm32wlxx_hal_rtc_ex.o
    0x08001b64   0x08001b64   0x00000012   Code   RO          613    i.HAL_RTCEx_SSRUEventCallback  timer_if.o
    0x08001b76   0x08001b76   0x00000002   PAD
    0x08001b78   0x08001b78   0x00000028   Code   RO         3542    i.HAL_RTCEx_SSRUIRQHandler  stm32wlxx_hal_rtc_ex.o
    0x08001ba0   0x08001ba0   0x00000070   Code   RO         3549    i.HAL_RTCEx_SetSSRU_IT  stm32wlxx_hal_rtc_ex.o
    0x08001c10   0x08001c10   0x0000000a   Code   RO          614    i.HAL_RTC_AlarmAEventCallback  timer_if.o
    0x08001c1a   0x08001c1a   0x00000002   PAD
    0x08001c1c   0x08001c1c   0x00000044   Code   RO         3340    i.HAL_RTC_AlarmIRQHandler  stm32wlxx_hal_rtc.o
    0x08001c60   0x08001c60   0x000000a8   Code   RO         3347    i.HAL_RTC_DeactivateAlarm  stm32wlxx_hal_rtc.o
    0x08001d08   0x08001d08   0x000000cc   Code   RO         3352    i.HAL_RTC_Init      stm32wlxx_hal_rtc.o
    0x08001dd4   0x08001dd4   0x00000084   Code   RO          263    i.HAL_RTC_MspInit   rtc.o
    0x08001e58   0x08001e58   0x000001d4   Code   RO         3357    i.HAL_RTC_SetAlarm_IT  stm32wlxx_hal_rtc.o
    0x0800202c   0x0800202c   0x0000003c   Code   RO         3360    i.HAL_RTC_WaitForSynchro  stm32wlxx_hal_rtc.o
    0x08002068   0x08002068   0x00000012   Code   RO         3006    i.HAL_ResumeTick    stm32wlxx_hal.o
    0x0800207a   0x0800207a   0x00000002   PAD
    0x0800207c   0x0800207c   0x00000030   Code   RO         4698    i.HAL_SUBGHZ_CADStatusCallback  radio_driver.o
    0x080020ac   0x080020ac   0x00000014   Code   RO         4699    i.HAL_SUBGHZ_CRCErrorCallback  radio_driver.o
    0x080020c0   0x080020c0   0x00000088   Code   RO         3844    i.HAL_SUBGHZ_ExecGetCmd  stm32wlxx_hal_subghz.o
    0x08002148   0x08002148   0x0000008c   Code   RO         3845    i.HAL_SUBGHZ_ExecSetCmd  stm32wlxx_hal_subghz.o
    0x080021d4   0x080021d4   0x00000014   Code   RO         4700    i.HAL_SUBGHZ_HeaderErrorCallback  radio_driver.o
    0x080021e8   0x080021e8   0x00000014   Code   RO         4701    i.HAL_SUBGHZ_HeaderValidCallback  radio_driver.o
    0x080021fc   0x080021fc   0x000000ac   Code   RO         3850    i.HAL_SUBGHZ_IRQHandler  stm32wlxx_hal_subghz.o
    0x080022a8   0x080022a8   0x000000ac   Code   RO         3851    i.HAL_SUBGHZ_Init   stm32wlxx_hal_subghz.o
    0x08002354   0x08002354   0x00000032   Code   RO          312    i.HAL_SUBGHZ_MspInit  subghz.o
    0x08002386   0x08002386   0x00000002   PAD
    0x08002388   0x08002388   0x00000014   Code   RO         4702    i.HAL_SUBGHZ_PreambleDetectedCallback  radio_driver.o
    0x0800239c   0x0800239c   0x00000090   Code   RO         3855    i.HAL_SUBGHZ_ReadBuffer  stm32wlxx_hal_subghz.o
    0x0800242c   0x0800242c   0x00000098   Code   RO         3857    i.HAL_SUBGHZ_ReadRegisters  stm32wlxx_hal_subghz.o
    0x080024c4   0x080024c4   0x00000014   Code   RO         4703    i.HAL_SUBGHZ_RxCpltCallback  radio_driver.o
    0x080024d8   0x080024d8   0x00000014   Code   RO         4704    i.HAL_SUBGHZ_RxTxTimeoutCallback  radio_driver.o
    0x080024ec   0x080024ec   0x00000014   Code   RO         4705    i.HAL_SUBGHZ_SyncWordValidCallback  radio_driver.o
    0x08002500   0x08002500   0x00000014   Code   RO         4706    i.HAL_SUBGHZ_TxCpltCallback  radio_driver.o
    0x08002514   0x08002514   0x0000007c   Code   RO         3862    i.HAL_SUBGHZ_WriteBuffer  stm32wlxx_hal_subghz.o
    0x08002590   0x08002590   0x0000008a   Code   RO         3864    i.HAL_SUBGHZ_WriteRegisters  stm32wlxx_hal_subghz.o
    0x0800261a   0x0800261a   0x00000012   Code   RO         3018    i.HAL_SuspendTick   stm32wlxx_hal.o
    0x0800262c   0x0800262c   0x00000058   Code   RO         4545    i.HAL_UARTEx_EnableFifoMode  stm32wlxx_hal_uart_ex.o
    0x08002684   0x08002684   0x00000032   Code   RO         4546    i.HAL_UARTEx_EnableStopMode  stm32wlxx_hal_uart_ex.o
    0x080026b6   0x080026b6   0x00000002   Code   RO         4119    i.HAL_UARTEx_RxEventCallback  stm32wlxx_hal_uart.o
    0x080026b8   0x080026b8   0x00000002   Code   RO         4550    i.HAL_UARTEx_RxFifoFullCallback  stm32wlxx_hal_uart_ex.o
    0x080026ba   0x080026ba   0x0000005e   Code   RO         4551    i.HAL_UARTEx_SetRxFifoThreshold  stm32wlxx_hal_uart_ex.o
    0x08002718   0x08002718   0x0000005e   Code   RO         4552    i.HAL_UARTEx_SetTxFifoThreshold  stm32wlxx_hal_uart_ex.o
    0x08002776   0x08002776   0x00000090   Code   RO         4553    i.HAL_UARTEx_StopModeWakeUpSourceConfig  stm32wlxx_hal_uart_ex.o
    0x08002806   0x08002806   0x00000002   Code   RO         4554    i.HAL_UARTEx_TxFifoEmptyCallback  stm32wlxx_hal_uart_ex.o
    0x08002808   0x08002808   0x00000002   Code   RO         4555    i.HAL_UARTEx_WakeupCallback  stm32wlxx_hal_uart_ex.o
    0x0800280a   0x0800280a   0x00000002   Code   RO         4135    i.HAL_UART_ErrorCallback  stm32wlxx_hal_uart.o
    0x0800280c   0x0800280c   0x00000308   Code   RO         4138    i.HAL_UART_IRQHandler  stm32wlxx_hal_uart.o
    0x08002b14   0x08002b14   0x00000078   Code   RO         4139    i.HAL_UART_Init     stm32wlxx_hal_uart.o
    0x08002b8c   0x08002b8c   0x0000003c   Code   RO          873    i.HAL_UART_MspDeInit  usart.o
    0x08002bc8   0x08002bc8   0x000000ec   Code   RO          874    i.HAL_UART_MspInit  usart.o
    0x08002cb4   0x08002cb4   0x00000042   Code   RO         4144    i.HAL_UART_Receive_IT  stm32wlxx_hal_uart.o
    0x08002cf6   0x08002cf6   0x00000002   PAD
    0x08002cf8   0x08002cf8   0x0000003c   Code   RO          777    i.HAL_UART_RxCpltCallback  usart_if.o
    0x08002d34   0x08002d34   0x000000b8   Code   RO         4149    i.HAL_UART_Transmit_DMA  stm32wlxx_hal_uart.o
    0x08002dec   0x08002dec   0x00000020   Code   RO          778    i.HAL_UART_TxCpltCallback  usart_if.o
    0x08002e0c   0x08002e0c   0x00000002   Code   RO         4152    i.HAL_UART_TxHalfCpltCallback  stm32wlxx_hal_uart.o
    0x08002e0e   0x08002e0e   0x00000004   Code   RO          922    i.HardFault_Handler  stm32wlxx_it.o
    0x08002e12   0x08002e12   0x0000001c   Code   RO          225    i.LL_AHB1_GRP1_EnableClock  dma.o
    0x08002e2e   0x08002e2e   0x0000001c   Code   RO          188    i.LL_AHB2_GRP1_EnableClock  gpio.o
    0x08002e4a   0x08002e4a   0x0000001c   Code   RO          582    i.LL_AHB2_GRP1_EnableClock  sys_debug.o
    0x08002e66   0x08002e66   0x0000001c   Code   RO         1319    i.LL_AHB2_GRP1_EnableClock  radio_board_if.o
    0x08002e82   0x08002e82   0x00000002   PAD
    0x08002e84   0x08002e84   0x00000010   Code   RO         1447    i.LL_PWR_IsEnabledBkUpAccess  stm32wlxx_hal_rcc.o
    0x08002e94   0x08002e94   0x00000014   Code   RO         3865    i.LL_PWR_SelectSUBGHZSPI_NSS  stm32wlxx_hal_subghz.o
    0x08002ea8   0x08002ea8   0x00000014   Code   RO         3866    i.LL_PWR_SetRadioBusyTrigger  stm32wlxx_hal_subghz.o
    0x08002ebc   0x08002ebc   0x00000014   Code   RO         3867    i.LL_PWR_UnselectSUBGHZSPI_NSS  stm32wlxx_hal_subghz.o
    0x08002ed0   0x08002ed0   0x00000010   Code   RO         1448    i.LL_RCC_GetAHB3Prescaler  stm32wlxx_hal_rcc.o
    0x08002ee0   0x08002ee0   0x0000000c   Code   RO         1449    i.LL_RCC_GetSysClkSource  stm32wlxx_hal_rcc.o
    0x08002eec   0x08002eec   0x00000014   Code   RO         4153    i.LL_RCC_GetUSARTClockSource  stm32wlxx_hal_uart.o
    0x08002f00   0x08002f00   0x00000012   Code   RO         1450    i.LL_RCC_HSE_DisableTcxo  stm32wlxx_hal_rcc.o
    0x08002f12   0x08002f12   0x00000012   Code   RO         1451    i.LL_RCC_HSE_Enable  stm32wlxx_hal_rcc.o
    0x08002f24   0x08002f24   0x0000000c   Code   RO         1452    i.LL_RCC_HSE_IsEnabledDiv2  stm32wlxx_hal_rcc.o
    0x08002f30   0x08002f30   0x0000000c   Code   RO         1453    i.LL_RCC_HSE_IsReady  stm32wlxx_hal_rcc.o
    0x08002f3c   0x08002f3c   0x0000000c   Code   RO         1454    i.LL_RCC_HSI_IsReady  stm32wlxx_hal_rcc.o
    0x08002f48   0x08002f48   0x00000016   Code   RO         1455    i.LL_RCC_HSI_SetCalibTrimming  stm32wlxx_hal_rcc.o
    0x08002f5e   0x08002f5e   0x00000002   PAD
    0x08002f60   0x08002f60   0x00000010   Code   RO         1456    i.LL_RCC_LSE_IsReady  stm32wlxx_hal_rcc.o
    0x08002f70   0x08002f70   0x00000010   Code   RO         1684    i.LL_RCC_LSE_IsReady  stm32wlxx_hal_rcc_ex.o
    0x08002f80   0x08002f80   0x00000018   Code   RO         1457    i.LL_RCC_LSI_Disable  stm32wlxx_hal_rcc.o
    0x08002f98   0x08002f98   0x00000010   Code   RO         1458    i.LL_RCC_LSI_IsReady  stm32wlxx_hal_rcc.o
    0x08002fa8   0x08002fa8   0x00000012   Code   RO         1459    i.LL_RCC_MSI_Enable  stm32wlxx_hal_rcc.o
    0x08002fba   0x08002fba   0x0000000c   Code   RO         1460    i.LL_RCC_MSI_IsEnabledRangeSelect  stm32wlxx_hal_rcc.o
    0x08002fc6   0x08002fc6   0x0000000c   Code   RO         1461    i.LL_RCC_MSI_IsReady  stm32wlxx_hal_rcc.o
    0x08002fd2   0x08002fd2   0x00000016   Code   RO         1462    i.LL_RCC_MSI_SetCalibTrimming  stm32wlxx_hal_rcc.o
    0x08002fe8   0x08002fe8   0x00000012   Code   RO         1463    i.LL_RCC_PLL_Disable  stm32wlxx_hal_rcc.o
    0x08002ffa   0x08002ffa   0x0000000c   Code   RO         1464    i.LL_RCC_PLL_GetMainSource  stm32wlxx_hal_rcc.o
    0x08003006   0x08003006   0x0000000c   Code   RO         1465    i.LL_RCC_PLL_GetN   stm32wlxx_hal_rcc.o
    0x08003012   0x08003012   0x0000000c   Code   RO         1466    i.LL_RCC_PLL_IsReady  stm32wlxx_hal_rcc.o
    0x0800301e   0x0800301e   0x00000002   PAD
    0x08003020   0x08003020   0x00000018   Code   RO         3868    i.LL_RCC_RF_DisableReset  stm32wlxx_hal_subghz.o
    0x08003038   0x08003038   0x00000028   Code   RO         1692    i.LL_RCC_SetI2CClockSource  stm32wlxx_hal_rcc_ex.o
    0x08003060   0x08003060   0x0000001c   Code   RO         1693    i.LL_RCC_SetLPTIMClockSource  stm32wlxx_hal_rcc_ex.o
    0x0800307c   0x0800307c   0x0000001c   Code   RO         1694    i.LL_RCC_SetUSARTClockSource  stm32wlxx_hal_rcc_ex.o
    0x08003098   0x08003098   0x00000020   Code   RO          226    i.MX_DMA_Init       dma.o
    0x080030b8   0x080030b8   0x00000098   Code   RO          189    i.MX_GPIO_Init      gpio.o
    0x08003150   0x08003150   0x00000074   Code   RO          264    i.MX_RTC_Init       rtc.o
    0x080031c4   0x080031c4   0x0000001c   Code   RO          313    i.MX_SUBGHZ_Init    subghz.o
    0x080031e0   0x080031e0   0x0000000c   Code   RO         1053    i.MX_SubGHz_Phy_Init  app_subghz_phy.o
    0x080031ec   0x080031ec   0x0000000c   Code   RO         1054    i.MX_SubGHz_Phy_Process  app_subghz_phy.o
    0x080031f8   0x080031f8   0x0000006c   Code   RO          875    i.MX_USART2_UART_Init  usart.o
    0x08003264   0x08003264   0x00000004   Code   RO          923    i.MemManage_Handler  stm32wlxx_it.o
    0x08003268   0x08003268   0x00000004   Code   RO          924    i.NMI_Handler       stm32wlxx_it.o
    0x0800326c   0x0800326c   0x00000130   Code   RO         1088    i.OnRxDone          subghz_phy_app.o
    0x0800339c   0x0800339c   0x00000034   Code   RO         1089    i.OnRxError         subghz_phy_app.o
    0x080033d0   0x080033d0   0x00000034   Code   RO         1090    i.OnRxTimeout       subghz_phy_app.o
    0x08003404   0x08003404   0x00000034   Code   RO         1091    i.OnTxDone          subghz_phy_app.o
    0x08003438   0x08003438   0x00000038   Code   RO         1092    i.OnTxTimeout       subghz_phy_app.o
    0x08003470   0x08003470   0x00000028   Code   RO         1093    i.OnledEvent        subghz_phy_app.o
    0x08003498   0x08003498   0x00000002   Code   RO          357    i.PWR_EnterOffMode  stm32_lpm_if.o
    0x0800349a   0x0800349a   0x00000010   Code   RO          358    i.PWR_EnterSleepMode  stm32_lpm_if.o
    0x080034aa   0x080034aa   0x00000002   PAD
    0x080034ac   0x080034ac   0x0000001c   Code   RO          359    i.PWR_EnterStopMode  stm32_lpm_if.o
    0x080034c8   0x080034c8   0x00000002   Code   RO          360    i.PWR_ExitOffMode   stm32_lpm_if.o
    0x080034ca   0x080034ca   0x00000008   Code   RO          361    i.PWR_ExitSleepMode  stm32_lpm_if.o
    0x080034d2   0x080034d2   0x0000000c   Code   RO          362    i.PWR_ExitStopMode  stm32_lpm_if.o
    0x080034de   0x080034de   0x00000002   Code   RO          925    i.PendSV_Handler    stm32wlxx_it.o
    0x080034e0   0x080034e0   0x000002ec   Code   RO         1094    i.PingPong_Process  subghz_phy_app.o
    0x080037cc   0x080037cc   0x000000a0   Code   RO         1320    i.RBI_ConfigRFSwitch  radio_board_if.o
    0x0800386c   0x0800386c   0x00000004   Code   RO         1322    i.RBI_GetTxConfig   radio_board_if.o
    0x08003870   0x08003870   0x00000004   Code   RO         1323    i.RBI_GetWakeUpTime  radio_board_if.o
    0x08003874   0x08003874   0x0000006c   Code   RO         1324    i.RBI_Init          radio_board_if.o
    0x080038e0   0x080038e0   0x00000004   Code   RO         1325    i.RBI_IsDCDC        radio_board_if.o
    0x080038e4   0x080038e4   0x00000004   Code   RO         1326    i.RBI_IsTCXO        radio_board_if.o
    0x080038e8   0x080038e8   0x000000a8   Code   RO         1467    i.RCC_SetFlashLatency  stm32wlxx_hal_rcc.o
    0x08003990   0x08003990   0x00000048   Code   RO         1468    i.RCC_SetFlashLatencyFromMSIRange  stm32wlxx_hal_rcc.o
    0x080039d8   0x080039d8   0x00000010   Code   RO          926    i.RTC_Alarm_IRQHandler  stm32wlxx_it.o
    0x080039e8   0x080039e8   0x0000001c   Code   RO         3362    i.RTC_ByteToBcd2    stm32wlxx_hal_rtc.o
    0x08003a04   0x08003a04   0x00000050   Code   RO         3363    i.RTC_EnterInitMode  stm32wlxx_hal_rtc.o
    0x08003a54   0x08003a54   0x00000068   Code   RO         3364    i.RTC_ExitInitMode  stm32wlxx_hal_rtc.o
    0x08003abc   0x08003abc   0x00000006   Code   RO         5116    i.RadioCheckRfFrequency  radio.o
    0x08003ac2   0x08003ac2   0x00000002   PAD
    0x08003ac4   0x08003ac4   0x00000030   Code   RO         5117    i.RadioGetFskBandwidthRegValue  radio.o
    0x08003af4   0x08003af4   0x00000028   Code   RO         5118    i.RadioGetGfskTimeOnAirNumerator  radio.o
    0x08003b1c   0x08003b1c   0x00000060   Code   RO         5119    i.RadioGetLoRaBandwidthInHz  radio.o
    0x08003b7c   0x08003b7c   0x000000b0   Code   RO         5120    i.RadioGetLoRaTimeOnAirNumerator  radio.o
    0x08003c2c   0x08003c2c   0x00000024   Code   RO         5121    i.RadioGetStatus    radio.o
    0x08003c50   0x08003c50   0x0000000a   Code   RO         5122    i.RadioGetWakeupTime  radio.o
    0x08003c5a   0x08003c5a   0x00000002   PAD
    0x08003c5c   0x08003c5c   0x000000a0   Code   RO         5123    i.RadioInit         radio.o
    0x08003cfc   0x08003cfc   0x00000224   Code   RO         5124    i.RadioIrqProcess   radio.o
    0x08003f20   0x08003f20   0x00000094   Code   RO         5125    i.RadioIsChannelFree  radio.o
    0x08003fb4   0x08003fb4   0x00000014   Code   RO         5126    i.RadioOnDioIrq     radio.o
    0x08003fc8   0x08003fc8   0x00000020   Code   RO         5127    i.RadioOnRxTimeoutIrq  radio.o
    0x08003fe8   0x08003fe8   0x00000020   Code   RO         5128    i.RadioOnTxTimeoutIrq  radio.o
    0x08004008   0x08004008   0x00000020   Code   RO         5129    i.RadioRandom       radio.o
    0x08004028   0x08004028   0x0000000c   Code   RO         5130    i.RadioRead         radio.o
    0x08004034   0x08004034   0x00000014   Code   RO         5131    i.RadioReadRegisters  radio.o
    0x08004048   0x08004048   0x0000000a   Code   RO         5132    i.RadioRssi         radio.o
    0x08004052   0x08004052   0x00000002   PAD
    0x08004054   0x08004054   0x0000005c   Code   RO         5133    i.RadioRx           radio.o
    0x080040b0   0x080040b0   0x0000005c   Code   RO         5134    i.RadioRxBoosted    radio.o
    0x0800410c   0x0800410c   0x00000140   Code   RO         5135    i.RadioSend         radio.o
    0x0800424c   0x0800424c   0x0000000c   Code   RO         5136    i.RadioSetChannel   radio.o
    0x08004258   0x08004258   0x0000003c   Code   RO         5137    i.RadioSetMaxPayloadLength  radio.o
    0x08004294   0x08004294   0x00000060   Code   RO         5138    i.RadioSetModem     radio.o
    0x080042f4   0x080042f4   0x00000044   Code   RO         5139    i.RadioSetPublicNetwork  radio.o
    0x08004338   0x08004338   0x00000348   Code   RO         5140    i.RadioSetRxConfig  radio.o
    0x08004680   0x08004680   0x00000020   Code   RO         5141    i.RadioSetRxDutyCycle  radio.o
    0x080046a0   0x080046a0   0x00000254   Code   RO         5142    i.RadioSetRxGenericConfig  radio.o
    0x080048f4   0x080048f4   0x00000200   Code   RO         5143    i.RadioSetTxConfig  radio.o
    0x08004af4   0x08004af4   0x0000004c   Code   RO         5144    i.RadioSetTxContinuousWave  radio.o
    0x08004b40   0x08004b40   0x00000228   Code   RO         5145    i.RadioSetTxGenericConfig  radio.o
    0x08004d68   0x08004d68   0x00000020   Code   RO         5146    i.RadioSleep        radio.o
    0x08004d88   0x08004d88   0x0000000a   Code   RO         5147    i.RadioStandby      radio.o
    0x08004d92   0x08004d92   0x00000016   Code   RO         5148    i.RadioStartCad     radio.o
    0x08004da8   0x08004da8   0x0000007c   Code   RO         5149    i.RadioTimeOnAir    radio.o
    0x08004e24   0x08004e24   0x0000001a   Code   RO         5150    i.RadioTxCw         radio.o
    0x08004e3e   0x08004e3e   0x00000002   PAD
    0x08004e40   0x08004e40   0x00000034   Code   RO         5151    i.RadioTxPrbs       radio.o
    0x08004e74   0x08004e74   0x00000010   Code   RO         5152    i.RadioWrite        radio.o
    0x08004e84   0x08004e84   0x00000014   Code   RO         5153    i.RadioWriteRegisters  radio.o
    0x08004e98   0x08004e98   0x0000002a   Code   RO         4707    i.Radio_SMPS_Set    radio_driver.o
    0x08004ec2   0x08004ec2   0x00000002   PAD
    0x08004ec4   0x08004ec4   0x00000044   Code   RO         5703    i.SEQ_BitPosition   stm32_seq.o
    0x08004f08   0x08004f08   0x00000028   Code   RO         3870    i.SUBGHZSPI_Init    stm32wlxx_hal_subghz.o
    0x08004f30   0x08004f30   0x00000088   Code   RO         3871    i.SUBGHZSPI_Receive  stm32wlxx_hal_subghz.o
    0x08004fb8   0x08004fb8   0x00000084   Code   RO         3872    i.SUBGHZSPI_Transmit  stm32wlxx_hal_subghz.o
    0x0800503c   0x0800503c   0x00000020   Code   RO         3873    i.SUBGHZ_CheckDeviceReady  stm32wlxx_hal_subghz.o
    0x0800505c   0x0800505c   0x00000010   Code   RO          927    i.SUBGHZ_Radio_IRQHandler  stm32wlxx_it.o
    0x0800506c   0x0800506c   0x00000058   Code   RO         3874    i.SUBGHZ_WaitOnBusy  stm32wlxx_hal_subghz.o
    0x080050c4   0x080050c4   0x00000068   Code   RO         4708    i.SUBGRF_Calibrate  radio_driver.o
    0x0800512c   0x0800512c   0x0000008c   Code   RO         4709    i.SUBGRF_CalibrateImage  radio_driver.o
    0x080051b8   0x080051b8   0x0000000c   Code   RO         4714    i.SUBGRF_GetOperatingMode  radio_driver.o
    0x080051c4   0x080051c4   0x00000094   Code   RO         4715    i.SUBGRF_GetPacketStatus  radio_driver.o
    0x08005258   0x08005258   0x0000000c   Code   RO         4716    i.SUBGRF_GetPacketType  radio_driver.o
    0x08005264   0x08005264   0x0000002e   Code   RO         4717    i.SUBGRF_GetPayload  radio_driver.o
    0x08005292   0x08005292   0x00000008   Code   RO         4718    i.SUBGRF_GetRadioWakeUpTime  radio_driver.o
    0x0800529a   0x0800529a   0x00000068   Code   RO         4719    i.SUBGRF_GetRandom  radio_driver.o
    0x08005302   0x08005302   0x00000002   PAD
    0x08005304   0x08005304   0x00000024   Code   RO         4720    i.SUBGRF_GetRssiInst  radio_driver.o
    0x08005328   0x08005328   0x00000044   Code   RO         4721    i.SUBGRF_GetRxBufferStatus  radio_driver.o
    0x0800536c   0x0800536c   0x00000078   Code   RO         4723    i.SUBGRF_Init       radio_driver.o
    0x080053e4   0x080053e4   0x0000001c   Code   RO         4724    i.SUBGRF_ReadBuffer  radio_driver.o
    0x08005400   0x08005400   0x0000001c   Code   RO         4725    i.SUBGRF_ReadRegister  radio_driver.o
    0x0800541c   0x0800541c   0x0000001c   Code   RO         4726    i.SUBGRF_ReadRegisters  radio_driver.o
    0x08005438   0x08005438   0x00000018   Code   RO         4727    i.SUBGRF_SendPayload  radio_driver.o
    0x08005450   0x08005450   0x00000020   Code   RO         4728    i.SUBGRF_SetBufferBaseAddress  radio_driver.o
    0x08005470   0x08005470   0x00000020   Code   RO         4729    i.SUBGRF_SetCad     radio_driver.o
    0x08005490   0x08005490   0x0000002a   Code   RO         4731    i.SUBGRF_SetCrcPolynomial  radio_driver.o
    0x080054ba   0x080054ba   0x0000002a   Code   RO         4732    i.SUBGRF_SetCrcSeed  radio_driver.o
    0x080054e4   0x080054e4   0x00000050   Code   RO         4733    i.SUBGRF_SetDioIrqParams  radio_driver.o
    0x08005534   0x08005534   0x00000044   Code   RO         4735    i.SUBGRF_SetLoRaSymbNumTimeout  radio_driver.o
    0x08005578   0x08005578   0x00000150   Code   RO         4736    i.SUBGRF_SetModulationParams  radio_driver.o
    0x080056c8   0x080056c8   0x0000002c   Code   RO         4737    i.SUBGRF_SetPaConfig  radio_driver.o
    0x080056f4   0x080056f4   0x00000104   Code   RO         4738    i.SUBGRF_SetPacketParams  radio_driver.o
    0x080057f8   0x080057f8   0x00000030   Code   RO         4739    i.SUBGRF_SetPacketType  radio_driver.o
    0x08005828   0x08005828   0x00000012   Code   RO         4740    i.SUBGRF_SetPayload  radio_driver.o
    0x0800583a   0x0800583a   0x00000002   PAD
    0x0800583c   0x0800583c   0x00000024   Code   RO         4741    i.SUBGRF_SetRegulatorMode  radio_driver.o
    0x08005860   0x08005860   0x00000068   Code   RO         4742    i.SUBGRF_SetRfFrequency  radio_driver.o
    0x080058c8   0x080058c8   0x0000003e   Code   RO         4743    i.SUBGRF_SetRfTxPower  radio_driver.o
    0x08005906   0x08005906   0x00000002   PAD
    0x08005908   0x08005908   0x00000034   Code   RO         4744    i.SUBGRF_SetRx      radio_driver.o
    0x0800593c   0x0800593c   0x0000003c   Code   RO         4745    i.SUBGRF_SetRxBoosted  radio_driver.o
    0x08005978   0x08005978   0x00000048   Code   RO         4746    i.SUBGRF_SetRxDutyCycle  radio_driver.o
    0x080059c0   0x080059c0   0x00000050   Code   RO         4748    i.SUBGRF_SetSleep   radio_driver.o
    0x08005a10   0x08005a10   0x0000002c   Code   RO         4749    i.SUBGRF_SetStandby  radio_driver.o
    0x08005a3c   0x08005a3c   0x00000014   Code   RO         4750    i.SUBGRF_SetStopRxTimerOnPreambleDetect  radio_driver.o
    0x08005a50   0x08005a50   0x0000002c   Code   RO         4751    i.SUBGRF_SetSwitch  radio_driver.o
    0x08005a7c   0x08005a7c   0x00000014   Code   RO         4752    i.SUBGRF_SetSyncWord  radio_driver.o
    0x08005a90   0x08005a90   0x00000034   Code   RO         4753    i.SUBGRF_SetTcxoMode  radio_driver.o
    0x08005ac4   0x08005ac4   0x00000034   Code   RO         4754    i.SUBGRF_SetTx      radio_driver.o
    0x08005af8   0x08005af8   0x00000014   Code   RO         4755    i.SUBGRF_SetTxContinuousWave  radio_driver.o
    0x08005b0c   0x08005b0c   0x00000014   Code   RO         4756    i.SUBGRF_SetTxInfinitePreamble  radio_driver.o
    0x08005b20   0x08005b20   0x000000a4   Code   RO         4757    i.SUBGRF_SetTxParams  radio_driver.o
    0x08005bc4   0x08005bc4   0x0000003a   Code   RO         4758    i.SUBGRF_SetWhiteningSeed  radio_driver.o
    0x08005bfe   0x08005bfe   0x00000002   PAD
    0x08005c00   0x08005c00   0x0000001c   Code   RO         4759    i.SUBGRF_WriteBuffer  radio_driver.o
    0x08005c1c   0x08005c1c   0x00000018   Code   RO         4760    i.SUBGRF_WriteRegister  radio_driver.o
    0x08005c34   0x08005c34   0x0000001c   Code   RO         4761    i.SUBGRF_WriteRegisters  radio_driver.o
    0x08005c50   0x08005c50   0x00000002   Code   RO          928    i.SVC_Handler       stm32wlxx_it.o
    0x08005c52   0x08005c52   0x00000002   PAD
    0x08005c54   0x08005c54   0x000001b8   Code   RO         1095    i.SubghzApp_Init    subghz_phy_app.o
    0x08005e0c   0x08005e0c   0x00000002   Code   RO          929    i.SysTick_Handler   stm32wlxx_it.o
    0x08005e0e   0x08005e0e   0x0000004e   Code   RO         5560    i.SysTimeAdd        stm32_systime.o
    0x08005e5c   0x08005e5c   0x00000058   Code   RO         5562    i.SysTimeGet        stm32_systime.o
    0x08005eb4   0x08005eb4   0x0000004c   Code   RO          465    i.SystemApp_Init    sys_app.o
    0x08005f00   0x08005f00   0x0000009c   Code   RO           15    i.SystemClock_Config  main.o
    0x08005f9c   0x08005f9c   0x00000002   Code   RO         4662    i.SystemInit        system_stm32wlxx.o
    0x08005f9e   0x08005f9e   0x00000002   PAD
    0x08005fa0   0x08005fa0   0x00000010   Code   RO          930    i.TAMP_STAMP_LSECSS_SSRU_IRQHandler  stm32wlxx_it.o
    0x08005fb0   0x08005fb0   0x00000014   Code   RO          615    i.TIMER_IF_BkUp_Read_MSBticks  timer_if.o
    0x08005fc4   0x08005fc4   0x00000018   Code   RO          616    i.TIMER_IF_BkUp_Read_Seconds  timer_if.o
    0x08005fdc   0x08005fdc   0x00000018   Code   RO          617    i.TIMER_IF_BkUp_Read_SubSeconds  timer_if.o
    0x08005ff4   0x08005ff4   0x00000014   Code   RO          618    i.TIMER_IF_BkUp_Write_MSBticks  timer_if.o
    0x08006008   0x08006008   0x00000014   Code   RO          619    i.TIMER_IF_BkUp_Write_Seconds  timer_if.o
    0x0800601c   0x0800601c   0x00000014   Code   RO          620    i.TIMER_IF_BkUp_Write_SubSeconds  timer_if.o
    0x08006030   0x08006030   0x00000016   Code   RO          621    i.TIMER_IF_Convert_Tick2ms  timer_if.o
    0x08006046   0x08006046   0x00000026   Code   RO          622    i.TIMER_IF_Convert_ms2Tick  timer_if.o
    0x0800606c   0x0800606c   0x00000022   Code   RO          623    i.TIMER_IF_DelayMs  timer_if.o
    0x0800608e   0x0800608e   0x00000006   Code   RO          624    i.TIMER_IF_GetMinimumTimeout  timer_if.o
    0x08006094   0x08006094   0x00000038   Code   RO          625    i.TIMER_IF_GetTime  timer_if.o
    0x080060cc   0x080060cc   0x0000000c   Code   RO          626    i.TIMER_IF_GetTimerContext  timer_if.o
    0x080060d8   0x080060d8   0x00000018   Code   RO          627    i.TIMER_IF_GetTimerElapsedTime  timer_if.o
    0x080060f0   0x080060f0   0x0000001c   Code   RO          628    i.TIMER_IF_GetTimerValue  timer_if.o
    0x0800610c   0x0800610c   0x0000004c   Code   RO          629    i.TIMER_IF_Init     timer_if.o
    0x08006158   0x08006158   0x00000014   Code   RO          630    i.TIMER_IF_SetTimerContext  timer_if.o
    0x0800616c   0x0800616c   0x00000050   Code   RO          631    i.TIMER_IF_StartTimer  timer_if.o
    0x080061bc   0x080061bc   0x00000024   Code   RO          632    i.TIMER_IF_StopTimer  timer_if.o
    0x080061e0   0x080061e0   0x000000bc   Code   RO         5343    i.TRACE_AllocateBufer  stm32_adv_trace.o
    0x0800629c   0x0800629c   0x00000014   Code   RO         5344    i.TRACE_IsLocked    stm32_adv_trace.o
    0x080062b0   0x080062b0   0x00000020   Code   RO         5345    i.TRACE_Lock        stm32_adv_trace.o
    0x080062d0   0x080062d0   0x000000c4   Code   RO         5346    i.TRACE_Send        stm32_adv_trace.o
    0x08006394   0x08006394   0x000000d8   Code   RO         5347    i.TRACE_TxCpltCallback  stm32_adv_trace.o
    0x0800646c   0x0800646c   0x00000020   Code   RO         5348    i.TRACE_UnLock      stm32_adv_trace.o
    0x0800648c   0x0800648c   0x00000020   Code   RO         5844    i.TimerExists       stm32_timer.o
    0x080064ac   0x080064ac   0x00000020   Code   RO         5845    i.TimerInsertNewHeadTimer  stm32_timer.o
    0x080064cc   0x080064cc   0x00000034   Code   RO         5846    i.TimerInsertTimer  stm32_timer.o
    0x08006500   0x08006500   0x00000038   Code   RO         5847    i.TimerSetTimeout   stm32_timer.o
    0x08006538   0x08006538   0x00000034   Code   RO          466    i.TimestampNow      sys_app.o
    0x0800656c   0x0800656c   0x00000070   Code   RO         4556    i.UARTEx_SetNbDataToProcess  stm32wlxx_hal_uart_ex.o
    0x080065dc   0x080065dc   0x00000026   Code   RO         4557    i.UARTEx_Wakeup_AddressConfig  stm32wlxx_hal_uart_ex.o
    0x08006602   0x08006602   0x000000f8   Code   RO         4154    i.UART_AdvFeatureConfig  stm32wlxx_hal_uart.o
    0x080066fa   0x080066fa   0x00000076   Code   RO         4155    i.UART_CheckIdleState  stm32wlxx_hal_uart.o
    0x08006770   0x08006770   0x00000018   Code   RO         4156    i.UART_DMAAbortOnError  stm32wlxx_hal_uart.o
    0x08006788   0x08006788   0x0000005e   Code   RO         4157    i.UART_DMAError     stm32wlxx_hal_uart.o
    0x080067e6   0x080067e6   0x00000038   Code   RO         4162    i.UART_DMATransmitCplt  stm32wlxx_hal_uart.o
    0x0800681e   0x0800681e   0x0000000e   Code   RO         4164    i.UART_DMATxHalfCplt  stm32wlxx_hal_uart.o
    0x0800682c   0x0800682c   0x0000003c   Code   RO         4166    i.UART_EndRxTransfer  stm32wlxx_hal_uart.o
    0x08006868   0x08006868   0x00000022   Code   RO         4167    i.UART_EndTransmit_IT  stm32wlxx_hal_uart.o
    0x0800688a   0x0800688a   0x00000020   Code   RO         4168    i.UART_EndTxTransfer  stm32wlxx_hal_uart.o
    0x080068aa   0x080068aa   0x00000092   Code   RO         4169    i.UART_RxISR_16BIT  stm32wlxx_hal_uart.o
    0x0800693c   0x0800693c   0x00000164   Code   RO         4170    i.UART_RxISR_16BIT_FIFOEN  stm32wlxx_hal_uart.o
    0x08006aa0   0x08006aa0   0x0000008e   Code   RO         4171    i.UART_RxISR_8BIT   stm32wlxx_hal_uart.o
    0x08006b2e   0x08006b2e   0x00000002   PAD
    0x08006b30   0x08006b30   0x00000164   Code   RO         4172    i.UART_RxISR_8BIT_FIFOEN  stm32wlxx_hal_uart.o
    0x08006c94   0x08006c94   0x00000328   Code   RO         4173    i.UART_SetConfig    stm32wlxx_hal_uart.o
    0x08006fbc   0x08006fbc   0x00000110   Code   RO         4175    i.UART_Start_Receive_IT  stm32wlxx_hal_uart.o
    0x080070cc   0x080070cc   0x000000be   Code   RO         4180    i.UART_WaitOnFlagUntilTimeout  stm32wlxx_hal_uart.o
    0x0800718a   0x0800718a   0x00000002   PAD
    0x0800718c   0x0800718c   0x00000010   Code   RO          931    i.USART2_IRQHandler  stm32wlxx_it.o
    0x0800719c   0x0800719c   0x000000dc   Code   RO         5349    i.UTIL_ADV_TRACE_COND_FSend  stm32_adv_trace.o
    0x08007278   0x08007278   0x00000034   Code   RO         5357    i.UTIL_ADV_TRACE_Init  stm32_adv_trace.o
    0x080072ac   0x080072ac   0x0000000c   Code   RO          467    i.UTIL_ADV_TRACE_PostSendHook  sys_app.o
    0x080072b8   0x080072b8   0x0000000c   Code   RO          468    i.UTIL_ADV_TRACE_PreSendHook  sys_app.o
    0x080072c4   0x080072c4   0x0000000c   Code   RO         5361    i.UTIL_ADV_TRACE_RegisterTimeStampFunction  stm32_adv_trace.o
    0x080072d0   0x080072d0   0x0000000c   Code   RO         5365    i.UTIL_ADV_TRACE_SetVerboseLevel  stm32_adv_trace.o
    0x080072dc   0x080072dc   0x00000054   Code   RO         5973    i.UTIL_LPM_EnterLowPower  stm32_lpm.o
    0x08007330   0x08007330   0x00000014   Code   RO         5975    i.UTIL_LPM_Init     stm32_lpm.o
    0x08007344   0x08007344   0x0000003c   Code   RO         5976    i.UTIL_LPM_SetOffMode  stm32_lpm.o
    0x08007380   0x08007380   0x0000003c   Code   RO         5977    i.UTIL_LPM_SetStopMode  stm32_lpm.o
    0x080073bc   0x080073bc   0x00000016   Code   RO         5525    i.UTIL_MEM_set_8    stm32_mem.o
    0x080073d2   0x080073d2   0x00000008   Code   RO          469    i.UTIL_SEQ_Idle     sys_app.o
    0x080073da   0x080073da   0x00000002   Code   RO         5713    i.UTIL_SEQ_PostIdle  stm32_seq.o
    0x080073dc   0x080073dc   0x00000002   Code   RO         5714    i.UTIL_SEQ_PreIdle  stm32_seq.o
    0x080073de   0x080073de   0x00000002   PAD
    0x080073e0   0x080073e0   0x0000002c   Code   RO         5715    i.UTIL_SEQ_RegTask  stm32_seq.o
    0x0800740c   0x0800740c   0x00000188   Code   RO         5717    i.UTIL_SEQ_Run      stm32_seq.o
    0x08007594   0x08007594   0x00000038   Code   RO         5719    i.UTIL_SEQ_SetTask  stm32_seq.o
    0x080075cc   0x080075cc   0x00000040   Code   RO         5848    i.UTIL_TIMER_Create  stm32_timer.o
    0x0800760c   0x0800760c   0x00000018   Code   RO         5850    i.UTIL_TIMER_GetCurrentTime  stm32_timer.o
    0x08007624   0x08007624   0x00000024   Code   RO         5851    i.UTIL_TIMER_GetElapsedTime  stm32_timer.o
    0x08007648   0x08007648   0x000000bc   Code   RO         5854    i.UTIL_TIMER_IRQ_Handler  stm32_timer.o
    0x08007704   0x08007704   0x00000018   Code   RO         5855    i.UTIL_TIMER_Init   stm32_timer.o
    0x0800771c   0x0800771c   0x00000038   Code   RO         5857    i.UTIL_TIMER_SetPeriod  stm32_timer.o
    0x08007754   0x08007754   0x000000a0   Code   RO         5859    i.UTIL_TIMER_Start  stm32_timer.o
    0x080077f4   0x080077f4   0x000000a8   Code   RO         5861    i.UTIL_TIMER_Stop   stm32_timer.o
    0x0800789c   0x0800789c   0x00000004   Code   RO          932    i.UsageFault_Handler  stm32wlxx_it.o
    0x080078a0   0x080078a0   0x00000010   Code   RO         2860    i.__NVIC_GetPriorityGrouping  stm32wlxx_hal_cortex.o
    0x080078b0   0x080078b0   0x00000028   Code   RO         2861    i.__NVIC_SetPriority  stm32wlxx_hal_cortex.o
    0x080078d8   0x080078d8   0x00000006   Code   RO         5369    i.__get_PRIMASK     stm32_adv_trace.o
    0x080078de   0x080078de   0x00000006   Code   RO         5721    i.__get_PRIMASK     stm32_seq.o
    0x080078e4   0x080078e4   0x00000006   Code   RO         5978    i.__get_PRIMASK     stm32_lpm.o
    0x080078ea   0x080078ea   0x0000000e   Code   RO         6072    i.__scatterload_copy  mc_w.l(handlers.o)
    0x080078f8   0x080078f8   0x00000002   Code   RO         6073    i.__scatterload_null  mc_w.l(handlers.o)
    0x080078fa   0x080078fa   0x0000000e   Code   RO         6074    i.__scatterload_zeroinit  mc_w.l(handlers.o)
    0x08007908   0x08007908   0x00000006   Code   RO         5370    i.__set_PRIMASK     stm32_adv_trace.o
    0x0800790e   0x0800790e   0x00000006   Code   RO         5722    i.__set_PRIMASK     stm32_seq.o
    0x08007914   0x08007914   0x00000006   Code   RO         5979    i.__set_PRIMASK     stm32_lpm.o
    0x0800791a   0x0800791a   0x00000002   PAD
    0x0800791c   0x0800791c   0x00000148   Code   RO         5675    i.ee_number         stm32_tiny_vsnprintf.o
    0x08007a64   0x08007a64   0x0000002c   Code   RO         5676    i.ee_skip_atoi      stm32_tiny_vsnprintf.o
    0x08007a90   0x08007a90   0x00000018   Code   RO           16    i.main              main.o
    0x08007aa8   0x08007aa8   0x000000b2   Code   RO         5154    i.payload_integration  radio.o
    0x08007b5a   0x08007b5a   0x00000022   Code   RO          470    i.tiny_snprintf_like  sys_app.o
    0x08007b7c   0x08007b7c   0x000001cc   Code   RO         5677    i.tiny_vsnprintf_like  stm32_tiny_vsnprintf.o
    0x08007d48   0x08007d48   0x00000038   Code   RO          780    i.vcom_DeInit       usart_if.o
    0x08007d80   0x08007d80   0x0000002c   Code   RO          781    i.vcom_Init         usart_if.o
    0x08007dac   0x08007dac   0x00000068   Code   RO          782    i.vcom_ReceiveInit  usart_if.o
    0x08007e14   0x08007e14   0x00000024   Code   RO          783    i.vcom_Resume       usart_if.o
    0x08007e38   0x08007e38   0x00000018   Code   RO          785    i.vcom_Trace_DMA    usart_if.o
    0x08007e50   0x08007e50   0x00000020   Data   RO          363    .constdata          stm32_lpm_if.o
    0x08007e70   0x08007e70   0x00000048   Data   RO          633    .constdata          timer_if.o
    0x08007eb8   0x08007eb8   0x00000018   Data   RO          786    .constdata          usart_if.o
    0x08007ed0   0x08007ed0   0x00000024   Data   RO         1469    .constdata          stm32wlxx_hal_rcc.o
    0x08007ef4   0x08007ef4   0x00000020   Data   RO         4181    .constdata          stm32wlxx_hal_uart.o
    0x08007f14   0x08007f14   0x000000a8   Data   RO         4663    .constdata          system_stm32wlxx.o
    0x08007fbc   0x08007fbc   0x00000137   Data   RO         5156    .constdata          radio.o
    0x080080f3   0x080080f3   0x00000010   Data   RO         5724    .constdata          stm32_seq.o
    0x08008103   0x08008103   0x00000001   PAD
    0x08008104   0x08008104   0x0000004d   Data   RO         5678    .conststring        stm32_tiny_vsnprintf.o
    0x08008151   0x08008151   0x00000003   PAD
    0x08008154   0x08008154   0x00000020   Data   RO         6070    Region$$Table       anon$$obj.o


    Execution Region RW_IRAM1 (Exec base: 0x20000000, Load base: 0x08008174, Size: 0x00000d10, Max: 0x00008000, ABSOLUTE)

    Exec Addr    Load Addr    Size         Type   Attr      Idx    E Section Name        Object

    0x20000000   0x08008174   0x00000001   Data   RW          472    .data               sys_app.o
    0x20000001   0x08008175   0x00000003   PAD
    0x20000004   0x08008178   0x00000008   Data   RW          634    .data               timer_if.o
    0x2000000c   0x08008180   0x0000000c   Data   RW          787    .data               usart_if.o
    0x20000018   0x0800818c   0x0000000c   Data   RW         1098    .data               subghz_phy_app.o
    0x20000024   0x08008198   0x00000009   Data   RW         3020    .data               stm32wlxx_hal.o
    0x2000002d   0x080081a1   0x00000003   PAD
    0x20000030   0x080081a4   0x00000004   Data   RW         4664    .data               system_stm32wlxx.o
    0x20000034   0x080081a8   0x00000010   Data   RW         4763    .data               radio_driver.o
    0x20000044   0x080081b8   0x00000008   Data   RW         5157    .data               radio.o
    0x2000004c   0x080081c0   0x00000008   Data   RW         5679    .data               stm32_tiny_vsnprintf.o
    0x20000054   0x080081c8   0x00000018   Data   RW         5725    .data               stm32_seq.o
    0x2000006c   0x080081e0   0x00000004   Data   RW         5862    .data               stm32_timer.o
    0x20000070   0x080081e4   0x00000008   Data   RW         5980    .data               stm32_lpm.o
    0x20000078        -       0x00000038   Zero   RW          265    .bss                rtc.o
    0x200000b0        -       0x0000000c   Zero   RW          314    .bss                subghz.o
    0x200000bc        -       0x000000f0   Zero   RW          876    .bss                usart.o
    0x200001ac        -       0x00000234   Zero   RW         1096    .bss                subghz_phy_app.o
    0x200003e0        -       0x00000188   Zero   RW         5155    .bss                radio.o
    0x20000568        -       0x00000318   Zero   RW         5371    .bss                stm32_adv_trace.o
    0x20000880        -       0x00000090   Zero   RW         5723    .bss                stm32_seq.o
    0x20000910        -       0x00000400   Zero   RW            2    STACK               startup_stm32wl55xx_cm4.o


    Execution Region RW_IRAM2 (Exec base: 0x20008000, Load base: 0x080081ec, Size: 0x00008000, Max: 0x00008000, ABSOLUTE)

    Exec Addr    Load Addr    Size         Type   Attr      Idx    E Section Name        Object

    0x20008000        -       0x00008000   Zero   RW            1    RW_IRAM2.bss        anon$$obj.o


==============================================================================

Image component sizes


      Code (inc. data)   RO Data    RW Data    ZI Data      Debug   Object Name

        24          0          0          0          0        925   app_subghz_phy.o
        60          0          0          0          0      11214   dma.o
       180         12          0          0          0      11351   gpio.o
       186          8          0          0          0     564585   main.o
      5254        224        311          8        392      34678   radio.o
       312         10          0          0          0       4808   radio_board_if.o
      3198        326          0         16          0      45382   radio_driver.o
       248         16          0          0         56      34915   rtc.o
        36          8        312          0       1024        788   startup_stm32wl55xx_cm4.o
       992         92          0          0        792       8150   stm32_adv_trace.o
       236         30          0          8          0       3262   stm32_lpm.o
        68          6         32          0          0      16963   stm32_lpm_if.o
        22          0          0          0          0        937   stm32_mem.o
       576         52         16         24        144       5659   stm32_seq.o
       166          6          0          0          0       4278   stm32_systime.o
       892         76          0          4          0       8764   stm32_timer.o
       832         20         77          8          0       3386   stm32_tiny_vsnprintf.o
       152         24          0          9          0      31033   stm32wlxx_hal.o
       326         28          0          0          0      33976   stm32wlxx_hal_cortex.o
      1404         38          0          0          0       7249   stm32wlxx_hal_dma.o
         0          0          0          0          0       5352   stm32wlxx_hal_flash.o
       690         36          0          0          0       3439   stm32wlxx_hal_gpio.o
         2          0          0          0          0        410   stm32wlxx_hal_msp.o
       104         16          0          0          0       1160   stm32wlxx_hal_pwr.o
       188         36          0          0          0       2232   stm32wlxx_hal_pwr_ex.o
      3188        128         36          0          0      52760   stm32wlxx_hal_rcc.o
       676         32          0          0          0      26584   stm32wlxx_hal_rcc_ex.o
      1180         42          0          0          0       5934   stm32wlxx_hal_rtc.o
       286         30          0          0          0       4136   stm32wlxx_hal_rtc_ex.o
      1690         70          0          0          0      52446   stm32wlxx_hal_subghz.o
      4122        122         32          0          0      59818   stm32wlxx_hal_uart.o
       626         18          0          0          0       7081   stm32wlxx_hal_uart_ex.o
       108         30          0          0          0       5962   stm32wlxx_it.o
        78          6          0          0         12      11908   subghz.o
      1744        520          0         12        564     419311   subghz_phy_app.o
       234         24          0          1          0      33163   sys_app.o
       136          4          0          0          0        991   sys_debug.o
         2          0        168          4          0       1137   system_stm32wlxx.o
       628         82         72          8          0      37531   timer_if.o
       404         30          0          0        240      12934   usart.o
       356         60         24         12          0      20691   usart_if.o

    ----------------------------------------------------------------------
     31662       2262       1116        120      35992    1597283   Object Totals
         0          0         32          0      32768          0   (incl. Generated)
        56          0          4          6          0          0   (incl. Padding)

    ----------------------------------------------------------------------

      Code (inc. data)   RO Data    RW Data    ZI Data      Debug   Library Member Name

         0          0          0          0          0          0   entry.o
         0          0          0          0          0          0   entry10a.o
         0          0          0          0          0          0   entry11a.o
         8          4          0          0          0          0   entry2.o
         4          0          0          0          0          0   entry5.o
         0          0          0          0          0          0   entry7b.o
         0          0          0          0          0          0   entry8b.o
         8          4          0          0          0          0   entry9a.o
        30          0          0          0          0          0   handlers.o
        36          8          0          0          0         68   init.o
        30          0          0          0          0         68   llshl.o
        32          0          0          0          0         68   llushr.o
        36          0          0          0          0         68   memcpya.o
        36          0          0          0          0        108   memseta.o
        14          0          0          0          0         68   strlen.o
        30          0          0          0          0         80   strncmp.o
        98          0          0          0          0         92   uldiv.o

    ----------------------------------------------------------------------
       362         16          0          0          0        620   Library Totals
         0          0          0          0          0          0   (incl. Padding)

    ----------------------------------------------------------------------

      Code (inc. data)   RO Data    RW Data    ZI Data      Debug   Library Name

       362         16          0          0          0        620   mc_w.l

    ----------------------------------------------------------------------
       362         16          0          0          0        620   Library Totals

    ----------------------------------------------------------------------

==============================================================================


      Code (inc. data)   RO Data    RW Data    ZI Data      Debug   

     32024       2278       1116        120      35992    1579283   Grand Totals
     32024       2278       1116        120      35992    1579283   ELF Image Totals
     32024       2278       1116        120          0          0   ROM Totals

==============================================================================

    Total RO  Size (Code + RO Data)                33140 (  32.36kB)
    Total RW  Size (RW Data + ZI Data)             36112 (  35.27kB)
    Total ROM Size (Code + RO Data + RW Data)      33260 (  32.48kB)

==============================================================================

